[preview.sprukomarket.com/blazor/webapp/server/mudblazor/yzen/dist/html/sign-in-cover.html]
[backblue.gif]
[fade.gif]
[index.html]
[preview.sprukomarket.com/blazor/webapp/server/mudblazor/yzen/dist/assets/js/authentication-main.js]
[preview.sprukomarket.com/blazor/webapp/server/mudblazor/yzen/dist/html/index.html]
[preview.sprukomarket.com/blazor/webapp/server/mudblazor/yzen/dist/assets/images/brand-logos/desktop-logo.png]
[preview.sprukomarket.com/blazor/webapp/server/mudblazor/yzen/dist/assets/images/brand-logos/desktop-dark.png]
[preview.sprukomarket.com/blazor/webapp/server/mudblazor/yzen/dist/assets/images/media/png/4.png]
[preview.sprukomarket.com/blazor/webapp/server/mudblazor/yzen/dist/html/reset-password-basic.html]
[preview.sprukomarket.com/blazor/webapp/server/mudblazor/yzen/dist/html/sign-up-basic.html]
[preview.sprukomarket.com/blazor/webapp/server/mudblazor/yzen/dist/assets/images/media/apps/google.png]
[preview.sprukomarket.com/blazor/webapp/server/mudblazor/yzen/dist/assets/images/media/apps/facebook.png]
[preview.sprukomarket.com/blazor/webapp/server/mudblazor/yzen/dist/assets/images/media/apps/twitter.png]
[preview.sprukomarket.com/blazor/webapp/server/mudblazor/yzen/dist/assets/libs/bootstrap/js/bootstrap.bundle.min.js]
[preview.sprukomarket.com/blazor/webapp/server/mudblazor/yzen/dist/assets/js/show-password.js]
[preview.sprukomarket.com/blazor/webapp/server/mudblazor/yzen/dist/html/sign-in-cover.html]
[preview.sprukomarket.com/blazor/webapp/server/mudblazor/yzen/dist/assets/libs/bootstrap/css/bootstrap.min.css]
[preview.sprukomarket.com/blazor/webapp/server/mudblazor/yzen/dist/assets/images/menu-bg-images/bg-img1.jpg]
[preview.sprukomarket.com/blazor/webapp/server/mudblazor/yzen/dist/assets/images/menu-bg-images/bg-img2.jpg]
[preview.sprukomarket.com/blazor/webapp/server/mudblazor/yzen/dist/assets/images/menu-bg-images/bg-img3.jpg]
[preview.sprukomarket.com/blazor/webapp/server/mudblazor/yzen/dist/assets/images/menu-bg-images/bg-img4.jpg]
[preview.sprukomarket.com/blazor/webapp/server/mudblazor/yzen/dist/assets/images/menu-bg-images/bg-img5.jpg]
[preview.sprukomarket.com/blazor/webapp/server/mudblazor/yzen/dist/assets/images/menu-bg-images/transparent.png]
[preview.sprukomarket.com/blazor/webapp/server/mudblazor/yzen/dist/assets/images/media/backgrounds/4.png]
[preview.sprukomarket.com/blazor/webapp/server/mudblazor/yzen/dist/assets/images/media/backgrounds/3.png]
[preview.sprukomarket.com/blazor/webapp/server/mudblazor/yzen/dist/assets/images/media/media-75.png]
[preview.sprukomarket.com/blazor/webapp/server/mudblazor/yzen/dist/assets/images/media/media-91.png]
[preview.sprukomarket.com/blazor/webapp/server/mudblazor/yzen/dist/assets/images/media/media-76.png]
[preview.sprukomarket.com/blazor/webapp/server/mudblazor/yzen/dist/assets/images/media/backgrounds/2.jpg]
[preview.sprukomarket.com/blazor/webapp/server/mudblazor/yzen/dist/assets/images/media/backgrounds/1.png]
[preview.sprukomarket.com/blazor/webapp/server/mudblazor/yzen/dist/assets/css/styles.css]
[preview.sprukomarket.com/blazor/webapp/server/mudblazor/yzen/dist/assets/css/icons.css]
[preview.sprukomarket.com/blazor/webapp/server/mudblazor/yzen/dist/assets/libs/choices.js/public/assets/scripts/choices.min.js]
[preview.sprukomarket.com/blazor/webapp/server/mudblazor/yzen/dist/assets/js/main.js]
[preview.sprukomarket.com/blazor/webapp/server/mudblazor/yzen/dist/assets/images/brand-logos/toggle-logo.png]
[preview.sprukomarket.com/blazor/webapp/server/mudblazor/yzen/dist/assets/images/brand-logos/toggle-dark.png]
[preview.sprukomarket.com/blazor/webapp/server/mudblazor/yzen/dist/assets/images/flags/us_flag.jpg]
[preview.sprukomarket.com/blazor/webapp/server/mudblazor/yzen/dist/assets/images/flags/spain_flag.jpg]
[preview.sprukomarket.com/blazor/webapp/server/mudblazor/yzen/dist/assets/images/flags/french_flag.jpg]
[preview.sprukomarket.com/blazor/webapp/server/mudblazor/yzen/dist/assets/images/flags/uae_flag.jpg]
[preview.sprukomarket.com/blazor/webapp/server/mudblazor/yzen/dist/assets/images/flags/germany_flag.jpg]
[preview.sprukomarket.com/blazor/webapp/server/mudblazor/yzen/dist/assets/images/flags/china_flag.jpg]
[preview.sprukomarket.com/blazor/webapp/server/mudblazor/yzen/dist/assets/images/flags/italy_flag.jpg]
[preview.sprukomarket.com/blazor/webapp/server/mudblazor/yzen/dist/assets/images/flags/russia_flag.jpg]
[preview.sprukomarket.com/blazor/webapp/server/mudblazor/yzen/dist/html/products.html]
[preview.sprukomarket.com/blazor/webapp/server/mudblazor/yzen/dist/assets/images/ecommerce/jpg/1.jpg]
[preview.sprukomarket.com/blazor/webapp/server/mudblazor/yzen/dist/html/cart.html]
[preview.sprukomarket.com/blazor/webapp/server/mudblazor/yzen/dist/assets/images/ecommerce/jpg/2.jpg]
[preview.sprukomarket.com/blazor/webapp/server/mudblazor/yzen/dist/assets/images/ecommerce/jpg/9.jpg]
[preview.sprukomarket.com/blazor/webapp/server/mudblazor/yzen/dist/assets/images/ecommerce/jpg/4.jpg]
[preview.sprukomarket.com/blazor/webapp/server/mudblazor/yzen/dist/assets/images/ecommerce/jpg/5.jpg]
[preview.sprukomarket.com/blazor/webapp/server/mudblazor/yzen/dist/html/checkout.html]
[preview.sprukomarket.com/blazor/webapp/server/mudblazor/yzen/dist/assets/images/faces/1.jpg]
[preview.sprukomarket.com/blazor/webapp/server/mudblazor/yzen/dist/assets/images/faces/2.jpg]
[preview.sprukomarket.com/blazor/webapp/server/mudblazor/yzen/dist/assets/images/faces/4.jpg]
[preview.sprukomarket.com/blazor/webapp/server/mudblazor/yzen/dist/assets/images/faces/6.jpg]
[preview.sprukomarket.com/blazor/webapp/server/mudblazor/yzen/dist/assets/images/faces/7.jpg]
[preview.sprukomarket.com/blazor/webapp/server/mudblazor/yzen/dist/assets/images/faces/8.jpg]
[preview.sprukomarket.com/blazor/webapp/server/mudblazor/yzen/dist/assets/images/faces/3.jpg]
[preview.sprukomarket.com/blazor/webapp/server/mudblazor/yzen/dist/assets/images/faces/14.jpg]
[preview.sprukomarket.com/blazor/webapp/server/mudblazor/yzen/dist/html/profile.html]
[preview.sprukomarket.com/blazor/webapp/server/mudblazor/yzen/dist/html/mail.html]
[preview.sprukomarket.com/blazor/webapp/server/mudblazor/yzen/dist/html/to-do-list.html]
[preview.sprukomarket.com/blazor/webapp/server/mudblazor/yzen/dist/html/mail-settings.html]
[preview.sprukomarket.com/blazor/webapp/server/mudblazor/yzen/dist/html/chat.html]
[preview.sprukomarket.com/blazor/webapp/server/mudblazor/yzen/dist/html/index-1.html]
[preview.sprukomarket.com/blazor/webapp/server/mudblazor/yzen/dist/html/index-2.html]
[preview.sprukomarket.com/blazor/webapp/server/mudblazor/yzen/dist/html/index-3.html]
[preview.sprukomarket.com/blazor/webapp/server/mudblazor/yzen/dist/html/index-4.html]
[preview.sprukomarket.com/blazor/webapp/server/mudblazor/yzen/dist/html/index-5.html]
[preview.sprukomarket.com/blazor/webapp/server/mudblazor/yzen/dist/html/index-6.html]
[preview.sprukomarket.com/blazor/webapp/server/mudblazor/yzen/dist/html/index-7.html]
[preview.sprukomarket.com/blazor/webapp/server/mudblazor/yzen/dist/html/index-8.html]
[preview.sprukomarket.com/blazor/webapp/server/mudblazor/yzen/dist/html/index-9.html]
[preview.sprukomarket.com/blazor/webapp/server/mudblazor/yzen/dist/html/index-10.html]
[preview.sprukomarket.com/blazor/webapp/server/mudblazor/yzen/dist/html/index-11.html]
[preview.sprukomarket.com/blazor/webapp/server/mudblazor/yzen/dist/html/index-12.html]
[preview.sprukomarket.com/blazor/webapp/server/mudblazor/yzen/dist/html/index-13.html]
[preview.sprukomarket.com/blazor/webapp/server/mudblazor/yzen/dist/html/index-14.html]
[preview.sprukomarket.com/blazor/webapp/server/mudblazor/yzen/dist/html/index-15.html]
[preview.sprukomarket.com/blazor/webapp/server/mudblazor/yzen/dist/html/add-product.html]
[preview.sprukomarket.com/blazor/webapp/server/mudblazor/yzen/dist/html/edit-product.html]
[preview.sprukomarket.com/blazor/webapp/server/mudblazor/yzen/dist/html/customer-list.html]
[preview.sprukomarket.com/blazor/webapp/server/mudblazor/yzen/dist/html/order-details.html]
[preview.sprukomarket.com/blazor/webapp/server/mudblazor/yzen/dist/html/orders.html]
[preview.sprukomarket.com/blazor/webapp/server/mudblazor/yzen/dist/html/product-details.html]
[preview.sprukomarket.com/blazor/webapp/server/mudblazor/yzen/dist/html/products-list.html]
[preview.sprukomarket.com/blazor/webapp/server/mudblazor/yzen/dist/html/wishlist.html]
[preview.sprukomarket.com/blazor/webapp/server/mudblazor/yzen/dist/html/full-calendar.html]
[preview.sprukomarket.com/blazor/webapp/server/mudblazor/yzen/dist/html/blazor-calendar.html]
[preview.sprukomarket.com/blazor/webapp/server/mudblazor/yzen/dist/html/gallery.html]
[preview.sprukomarket.com/blazor/webapp/server/mudblazor/yzen/dist/html/sweet_alerts.html]
[preview.sprukomarket.com/blazor/webapp/server/mudblazor/yzen/dist/html/projects-list.html]
[preview.sprukomarket.com/blazor/webapp/server/mudblazor/yzen/dist/html/projects-overview.html]
[preview.sprukomarket.com/blazor/webapp/server/mudblazor/yzen/dist/html/projects-create.html]
[preview.sprukomarket.com/blazor/webapp/server/mudblazor/yzen/dist/html/task-kanban-board.html]
[preview.sprukomarket.com/blazor/webapp/server/mudblazor/yzen/dist/html/task-details.html]
[preview.sprukomarket.com/blazor/webapp/server/mudblazor/yzen/dist/html/job-details.html]
[preview.sprukomarket.com/blazor/webapp/server/mudblazor/yzen/dist/html/job-company-search.html]
[preview.sprukomarket.com/blazor/webapp/server/mudblazor/yzen/dist/html/job-search.html]
[preview.sprukomarket.com/blazor/webapp/server/mudblazor/yzen/dist/html/job-post.html]
[preview.sprukomarket.com/blazor/webapp/server/mudblazor/yzen/dist/html/job-candidate-search.html]
[preview.sprukomarket.com/blazor/webapp/server/mudblazor/yzen/dist/html/job-candidate-details.html]
[preview.sprukomarket.com/blazor/webapp/server/mudblazor/yzen/dist/html/nft-marketplace.html]
[preview.sprukomarket.com/blazor/webapp/server/mudblazor/yzen/dist/html/nft-details.html]
[preview.sprukomarket.com/blazor/webapp/server/mudblazor/yzen/dist/html/nft-create.html]
[preview.sprukomarket.com/blazor/webapp/server/mudblazor/yzen/dist/html/nft-wallet-integration.html]
[preview.sprukomarket.com/blazor/webapp/server/mudblazor/yzen/dist/html/nft-live-auction.html]
[preview.sprukomarket.com/blazor/webapp/server/mudblazor/yzen/dist/html/crm-contacts.html]
[preview.sprukomarket.com/blazor/webapp/server/mudblazor/yzen/dist/html/crm-companies.html]
[preview.sprukomarket.com/blazor/webapp/server/mudblazor/yzen/dist/html/crm-deals.html]
[preview.sprukomarket.com/blazor/webapp/server/mudblazor/yzen/dist/html/crm-leads.html]
[preview.sprukomarket.com/blazor/webapp/server/mudblazor/yzen/dist/html/crypto-transactions.html]
[preview.sprukomarket.com/blazor/webapp/server/mudblazor/yzen/dist/html/crypto-currency-exchange.html]
[preview.sprukomarket.com/blazor/webapp/server/mudblazor/yzen/dist/html/crypto-buy_sell.html]
[preview.sprukomarket.com/blazor/webapp/server/mudblazor/yzen/dist/html/crypto-marketcap.html]
[preview.sprukomarket.com/blazor/webapp/server/mudblazor/yzen/dist/html/crypto-wallet.html]
[preview.sprukomarket.com/blazor/webapp/server/mudblazor/yzen/dist/html/coming-soon.html]
[preview.sprukomarket.com/blazor/webapp/server/mudblazor/yzen/dist/html/create-password-basic.html]
[preview.sprukomarket.com/blazor/webapp/server/mudblazor/yzen/dist/html/create-password-cover.html]
[preview.sprukomarket.com/blazor/webapp/server/mudblazor/yzen/dist/html/lockscreen-basic.html]
[preview.sprukomarket.com/blazor/webapp/server/mudblazor/yzen/dist/html/lockscreen-cover.html]
[preview.sprukomarket.com/blazor/webapp/server/mudblazor/yzen/dist/html/reset-password-cover.html]
[preview.sprukomarket.com/blazor/webapp/server/mudblazor/yzen/dist/html/sign-up-cover.html]
[preview.sprukomarket.com/blazor/webapp/server/mudblazor/yzen/dist/html/sign-in-basic.html]
[preview.sprukomarket.com/blazor/webapp/server/mudblazor/yzen/dist/html/two-step-verification-basic.html]
[preview.sprukomarket.com/blazor/webapp/server/mudblazor/yzen/dist/html/two-step-verification-cover.html]
[preview.sprukomarket.com/blazor/webapp/server/mudblazor/yzen/dist/html/under-maintenance.html]
[preview.sprukomarket.com/blazor/webapp/server/mudblazor/yzen/dist/html/401-error.html]
[preview.sprukomarket.com/blazor/webapp/server/mudblazor/yzen/dist/html/404-error.html]
[preview.sprukomarket.com/blazor/webapp/server/mudblazor/yzen/dist/html/500-error.html]
[preview.sprukomarket.com/blazor/webapp/server/mudblazor/yzen/dist/html/blog.html]
[preview.sprukomarket.com/blazor/webapp/server/mudblazor/yzen/dist/html/blog-details.html]
[preview.sprukomarket.com/blazor/webapp/server/mudblazor/yzen/dist/html/blog-create.html]
[preview.sprukomarket.com/blazor/webapp/server/mudblazor/yzen/dist/html/empty.html]
[preview.sprukomarket.com/blazor/webapp/server/mudblazor/yzen/dist/html/faq's.html]
[preview.sprukomarket.com/blazor/webapp/server/mudblazor/yzen/dist/html/file-manager.html]
[preview.sprukomarket.com/blazor/webapp/server/mudblazor/yzen/dist/html/invoice-create.html]
[preview.sprukomarket.com/blazor/webapp/server/mudblazor/yzen/dist/html/invoice-details.html]
[preview.sprukomarket.com/blazor/webapp/server/mudblazor/yzen/dist/html/invoice-list.html]
[preview.sprukomarket.com/blazor/webapp/server/mudblazor/yzen/dist/html/pricing.html]
[preview.sprukomarket.com/blazor/webapp/server/mudblazor/yzen/dist/html/profile-settings.html]
[preview.sprukomarket.com/blazor/webapp/server/mudblazor/yzen/dist/html/landing.html]
[preview.sprukomarket.com/blazor/webapp/server/mudblazor/yzen/dist/html/reviews.html]
[preview.sprukomarket.com/blazor/webapp/server/mudblazor/yzen/dist/html/search-results.html]
[preview.sprukomarket.com/blazor/webapp/server/mudblazor/yzen/dist/html/team.html]
[preview.sprukomarket.com/blazor/webapp/server/mudblazor/yzen/dist/html/terms_conditions.html]
[preview.sprukomarket.com/blazor/webapp/server/mudblazor/yzen/dist/html/timeline.html]
[preview.sprukomarket.com/blazor/webapp/server/mudblazor/yzen/dist/html/form_inputs.html]
[preview.sprukomarket.com/blazor/webapp/server/mudblazor/yzen/dist/html/form_check_radios.html]
[preview.sprukomarket.com/blazor/webapp/server/mudblazor/yzen/dist/html/form_input_group.html]
[preview.sprukomarket.com/blazor/webapp/server/mudblazor/yzen/dist/html/form_select.html]
[preview.sprukomarket.com/blazor/webapp/server/mudblazor/yzen/dist/html/form_range.html]
[preview.sprukomarket.com/blazor/webapp/server/mudblazor/yzen/dist/html/form_input_masks.html]
[preview.sprukomarket.com/blazor/webapp/server/mudblazor/yzen/dist/html/form_file_uploads.html]
[preview.sprukomarket.com/blazor/webapp/server/mudblazor/yzen/dist/html/form_dateTime_pickers.html]
[preview.sprukomarket.com/blazor/webapp/server/mudblazor/yzen/dist/html/form_color_pickers.html]
[preview.sprukomarket.com/blazor/webapp/server/mudblazor/yzen/dist/html/floating_labels.html]
[preview.sprukomarket.com/blazor/webapp/server/mudblazor/yzen/dist/html/form_layout.html]
[preview.sprukomarket.com/blazor/webapp/server/mudblazor/yzen/dist/html/form_wizards.html]
[preview.sprukomarket.com/blazor/webapp/server/mudblazor/yzen/dist/html/quill_editor.html]
[preview.sprukomarket.com/blazor/webapp/server/mudblazor/yzen/dist/html/form_validation.html]
[preview.sprukomarket.com/blazor/webapp/server/mudblazor/yzen/dist/html/form_select2.html]
[preview.sprukomarket.com/blazor/webapp/server/mudblazor/yzen/dist/html/alerts.html]
[preview.sprukomarket.com/blazor/webapp/server/mudblazor/yzen/dist/html/badge.html]
[preview.sprukomarket.com/blazor/webapp/server/mudblazor/yzen/dist/html/breadcrumb.html]
[preview.sprukomarket.com/blazor/webapp/server/mudblazor/yzen/dist/html/buttons.html]
[preview.sprukomarket.com/blazor/webapp/server/mudblazor/yzen/dist/html/buttongroup.html]
[preview.sprukomarket.com/blazor/webapp/server/mudblazor/yzen/dist/html/cards.html]
[preview.sprukomarket.com/blazor/webapp/server/mudblazor/yzen/dist/html/dropdowns.html]
[preview.sprukomarket.com/blazor/webapp/server/mudblazor/yzen/dist/html/images_figures.html]
[preview.sprukomarket.com/blazor/webapp/server/mudblazor/yzen/dist/html/links_interactions.html]
[preview.sprukomarket.com/blazor/webapp/server/mudblazor/yzen/dist/html/listgroup.html]
[preview.sprukomarket.com/blazor/webapp/server/mudblazor/yzen/dist/html/navs_tabs.html]
[preview.sprukomarket.com/blazor/webapp/server/mudblazor/yzen/dist/html/object-fit.html]
[preview.sprukomarket.com/blazor/webapp/server/mudblazor/yzen/dist/html/pagination.html]
[preview.sprukomarket.com/blazor/webapp/server/mudblazor/yzen/dist/html/popovers.html]
[preview.sprukomarket.com/blazor/webapp/server/mudblazor/yzen/dist/html/progress.html]
[preview.sprukomarket.com/blazor/webapp/server/mudblazor/yzen/dist/html/spinners.html]
[preview.sprukomarket.com/blazor/webapp/server/mudblazor/yzen/dist/html/toasts.html]
[preview.sprukomarket.com/blazor/webapp/server/mudblazor/yzen/dist/html/tooltips.html]
[preview.sprukomarket.com/blazor/webapp/server/mudblazor/yzen/dist/html/typography.html]
[preview.sprukomarket.com/blazor/webapp/server/mudblazor/yzen/dist/html/accordions_collpase.html]
[preview.sprukomarket.com/blazor/webapp/server/mudblazor/yzen/dist/html/carousel.html]
[preview.sprukomarket.com/blazor/webapp/server/mudblazor/yzen/dist/html/draggable-cards.html]
[preview.sprukomarket.com/blazor/webapp/server/mudblazor/yzen/dist/html/modals_closes.html]
[preview.sprukomarket.com/blazor/webapp/server/mudblazor/yzen/dist/html/drawer.html]
[preview.sprukomarket.com/blazor/webapp/server/mudblazor/yzen/dist/html/placeholders.html]
[preview.sprukomarket.com/blazor/webapp/server/mudblazor/yzen/dist/html/ratings.html]
[preview.sprukomarket.com/blazor/webapp/server/mudblazor/yzen/dist/html/blazor-carousel.html]
[preview.sprukomarket.com/blazor/webapp/server/mudblazor/yzen/dist/html/treeview.html]
[preview.sprukomarket.com/blazor/webapp/server/mudblazor/yzen/dist/html/avatars.html]
[preview.sprukomarket.com/blazor/webapp/server/mudblazor/yzen/dist/html/borders.html]
[preview.sprukomarket.com/blazor/webapp/server/mudblazor/yzen/dist/html/breakpoints.html]
[preview.sprukomarket.com/blazor/webapp/server/mudblazor/yzen/dist/html/colors.html]
[preview.sprukomarket.com/blazor/webapp/server/mudblazor/yzen/dist/html/flex.html]
[preview.sprukomarket.com/blazor/webapp/server/mudblazor/yzen/dist/html/gutters.html]
[preview.sprukomarket.com/blazor/webapp/server/mudblazor/yzen/dist/html/helpers.html]
[preview.sprukomarket.com/blazor/webapp/server/mudblazor/yzen/dist/html/position.html]
[preview.sprukomarket.com/blazor/webapp/server/mudblazor/yzen/dist/html/more.html]
[preview.sprukomarket.com/blazor/webapp/server/mudblazor/yzen/dist/html/widgets.html]
[preview.sprukomarket.com/blazor/webapp/server/mudblazor/yzen/dist/html/vector-maps.html]
[preview.sprukomarket.com/blazor/webapp/server/mudblazor/yzen/dist/html/leaflet-maps.html]
[preview.sprukomarket.com/blazor/webapp/server/mudblazor/yzen/dist/html/google-maps.html]
[preview.sprukomarket.com/blazor/webapp/server/mudblazor/yzen/dist/html/icons.html]
[preview.sprukomarket.com/blazor/webapp/server/mudblazor/yzen/dist/html/mud-donut-charts.html]
[preview.sprukomarket.com/blazor/webapp/server/mudblazor/yzen/dist/html/apex-line-charts.html]
[preview.sprukomarket.com/blazor/webapp/server/mudblazor/yzen/dist/html/apex-area-charts.html]
[preview.sprukomarket.com/blazor/webapp/server/mudblazor/yzen/dist/html/apex-column-charts.html]
[preview.sprukomarket.com/blazor/webapp/server/mudblazor/yzen/dist/html/apex-bar-charts.html]
[preview.sprukomarket.com/blazor/webapp/server/mudblazor/yzen/dist/html/apex-mixed-charts.html]
[preview.sprukomarket.com/blazor/webapp/server/mudblazor/yzen/dist/html/apex-rangearea-charts.html]
[preview.sprukomarket.com/blazor/webapp/server/mudblazor/yzen/dist/html/apex-timeline-charts.html]
[preview.sprukomarket.com/blazor/webapp/server/mudblazor/yzen/dist/html/apex-candlestick-charts.html]
[preview.sprukomarket.com/blazor/webapp/server/mudblazor/yzen/dist/html/apex-boxplot-charts.html]
[preview.sprukomarket.com/blazor/webapp/server/mudblazor/yzen/dist/html/apex-bubble-charts.html]
[preview.sprukomarket.com/blazor/webapp/server/mudblazor/yzen/dist/html/apex-scatter-charts.html]
[preview.sprukomarket.com/blazor/webapp/server/mudblazor/yzen/dist/html/apex-heatmap-charts.html]
[preview.sprukomarket.com/blazor/webapp/server/mudblazor/yzen/dist/html/apex-treemap-charts.html]
[preview.sprukomarket.com/blazor/webapp/server/mudblazor/yzen/dist/html/apex-pie-charts.html]
[preview.sprukomarket.com/blazor/webapp/server/mudblazor/yzen/dist/html/apex-radialbar-charts.html]
[preview.sprukomarket.com/blazor/webapp/server/mudblazor/yzen/dist/html/apex-radar-charts.html]
[preview.sprukomarket.com/blazor/webapp/server/mudblazor/yzen/dist/html/apex-polararea-charts.html]
[preview.sprukomarket.com/blazor/webapp/server/mudblazor/yzen/dist/html/chartjs-charts.html]
[preview.sprukomarket.com/blazor/webapp/server/mudblazor/yzen/dist/html/tables.html]
[preview.sprukomarket.com/blazor/webapp/server/mudblazor/yzen/dist/html/grid-tables.html]
[preview.sprukomarket.com/blazor/webapp/server/mudblazor/yzen/dist/html/data-tables.html]
[preview.sprukomarket.com/blazor/webapp/server/mudblazor/yzen/dist/assets/images/ecommerce/jpg/6.jpg]
[preview.sprukomarket.com/blazor/webapp/server/mudblazor/yzen/dist/assets/images/ecommerce/jpg/8.jpg]
[preview.sprukomarket.com/blazor/webapp/server/mudblazor/yzen/dist/assets/images/media/png/9.png]
[preview.sprukomarket.com/blazor/webapp/server/mudblazor/yzen/dist/assets/images/browsers/chrome.png]
[preview.sprukomarket.com/blazor/webapp/server/mudblazor/yzen/dist/assets/images/browsers/edge.png]
[preview.sprukomarket.com/blazor/webapp/server/mudblazor/yzen/dist/assets/images/browsers/firefox.png]
[preview.sprukomarket.com/blazor/webapp/server/mudblazor/yzen/dist/assets/images/browsers/opera.png]
[preview.sprukomarket.com/blazor/webapp/server/mudblazor/yzen/dist/assets/images/browsers/safari.png]
[preview.sprukomarket.com/blazor/webapp/server/mudblazor/yzen/dist/assets/images/browsers/uc.png]
[preview.sprukomarket.com/blazor/webapp/server/mudblazor/yzen/dist/assets/images/flags/canada_flag.jpg]
[preview.sprukomarket.com/blazor/webapp/server/mudblazor/yzen/dist/assets/images/flags/argentina_flag.jpg]
[preview.sprukomarket.com/blazor/webapp/server/mudblazor/yzen/dist/assets/images/flags/mexico_flag.jpg]
[preview.sprukomarket.com/blazor/webapp/server/mudblazor/yzen/dist/assets/libs/@popperjs/core/umd/popper.min.js]
[preview.sprukomarket.com/blazor/webapp/server/mudblazor/yzen/dist/assets/js/defaultmenu.min.js]
[preview.sprukomarket.com/blazor/webapp/server/mudblazor/yzen/dist/assets/libs/node-waves/waves.min.js]
[preview.sprukomarket.com/blazor/webapp/server/mudblazor/yzen/dist/assets/js/sticky.js]
[preview.sprukomarket.com/blazor/webapp/server/mudblazor/yzen/dist/assets/libs/simplebar/simplebar.min.js]
[preview.sprukomarket.com/blazor/webapp/server/mudblazor/yzen/dist/assets/js/simplebar.js]
[preview.sprukomarket.com/blazor/webapp/server/mudblazor/yzen/dist/assets/libs/@tarekraafat/autocomplete.js/autoComplete.min.js]
[preview.sprukomarket.com/blazor/webapp/server/mudblazor/yzen/dist/assets/libs/@simonwep/pickr/pickr.es5.min.js]
[preview.sprukomarket.com/blazor/webapp/server/mudblazor/yzen/dist/assets/libs/flatpickr/flatpickr.min.js]
[preview.sprukomarket.com/blazor/webapp/server/mudblazor/yzen/dist/assets/libs/apexcharts/apexcharts.min.js]
[preview.sprukomarket.com/blazor/webapp/server/mudblazor/yzen/dist/assets/js/sales-dashboard.js]
[preview.sprukomarket.com/blazor/webapp/server/mudblazor/yzen/dist/assets/js/custom.js]
[preview.sprukomarket.com/blazor/webapp/server/mudblazor/yzen/dist/assets/js/custom-switcher.min.js]
[preview.sprukomarket.com/blazor/webapp/server/mudblazor/yzen/dist/html/index.html]
[preview.sprukomarket.com/blazor/webapp/server/mudblazor/yzen/dist/assets/js/animation-auth.js]
[preview.sprukomarket.com/blazor/webapp/server/mudblazor/yzen/dist/html/reset-password-basic.html]
[preview.sprukomarket.com/blazor/webapp/server/mudblazor/yzen/dist/html/sign-up-basic.html]
[preview.sprukomarket.com/blazor/webapp/server/mudblazor/yzen/dist/assets/libs/node-waves/waves.min.css]
[preview.sprukomarket.com/blazor/webapp/server/mudblazor/yzen/dist/assets/libs/simplebar/simplebar.min.css]
[preview.sprukomarket.com/blazor/webapp/server/mudblazor/yzen/dist/assets/libs/flatpickr/flatpickr.min.css]
[preview.sprukomarket.com/blazor/webapp/server/mudblazor/yzen/dist/assets/libs/@simonwep/pickr/themes/nano.min.css]
[preview.sprukomarket.com/blazor/webapp/server/mudblazor/yzen/dist/assets/libs/choices.js/public/assets/styles/choices.min.css]
[preview.sprukomarket.com/blazor/webapp/server/mudblazor/yzen/dist/assets/libs/@tarekraafat/autocomplete.js/css/autoComplete.css]
[preview.sprukomarket.com/blazor/webapp/server/mudblazor/yzen/dist/assets/images/ecommerce/png/14.png]
[preview.sprukomarket.com/blazor/webapp/server/mudblazor/yzen/dist/assets/images/ecommerce/png/15.png]
[preview.sprukomarket.com/blazor/webapp/server/mudblazor/yzen/dist/assets/images/ecommerce/png/11.png]
[preview.sprukomarket.com/blazor/webapp/server/mudblazor/yzen/dist/assets/images/ecommerce/png/2.png]
[preview.sprukomarket.com/blazor/webapp/server/mudblazor/yzen/dist/assets/images/ecommerce/png/17.png]
[preview.sprukomarket.com/blazor/webapp/server/mudblazor/yzen/dist/assets/images/ecommerce/png/12.png]
[preview.sprukomarket.com/blazor/webapp/server/mudblazor/yzen/dist/assets/images/ecommerce/png/16.png]
[preview.sprukomarket.com/blazor/webapp/server/mudblazor/yzen/dist/assets/images/ecommerce/png/18.png]
[preview.sprukomarket.com/blazor/webapp/server/mudblazor/yzen/dist/assets/libs/nouislider/nouislider.min.js]
[preview.sprukomarket.com/blazor/webapp/server/mudblazor/yzen/dist/assets/libs/wnumb/wNumb.min.js]
[preview.sprukomarket.com/blazor/webapp/server/mudblazor/yzen/dist/assets/js/products.js]
[preview.sprukomarket.com/blazor/webapp/server/mudblazor/yzen/dist/html/products.html]
[preview.sprukomarket.com/blazor/webapp/server/mudblazor/yzen/dist/assets/libs/sweetalert2/sweetalert2.min.js]
[preview.sprukomarket.com/blazor/webapp/server/mudblazor/yzen/dist/assets/js/cart.js]
[preview.sprukomarket.com/blazor/webapp/server/mudblazor/yzen/dist/html/cart.html]
[preview.sprukomarket.com/blazor/webapp/server/mudblazor/yzen/dist/assets/images/ecommerce/png/5.png]
[preview.sprukomarket.com/blazor/webapp/server/mudblazor/yzen/dist/assets/images/ecommerce/png/6.png]
[preview.sprukomarket.com/blazor/webapp/server/mudblazor/yzen/dist/assets/images/ecommerce/png/8.png]
[preview.sprukomarket.com/blazor/webapp/server/mudblazor/yzen/dist/assets/js/checkout.js]
[preview.sprukomarket.com/blazor/webapp/server/mudblazor/yzen/dist/html/checkout.html]
[preview.sprukomarket.com/blazor/webapp/server/mudblazor/yzen/dist/assets/images/media/backgrounds/7.png]
[preview.sprukomarket.com/blazor/webapp/server/mudblazor/yzen/dist/assets/images/faces/9.jpg]
[preview.sprukomarket.com/blazor/webapp/server/mudblazor/yzen/dist/assets/images/media/media-8.jpg]
[preview.sprukomarket.com/blazor/webapp/server/mudblazor/yzen/dist/assets/images/media/media-9.jpg]
[preview.sprukomarket.com/blazor/webapp/server/mudblazor/yzen/dist/assets/images/media/media-55.jpg]
[preview.sprukomarket.com/blazor/webapp/server/mudblazor/yzen/dist/assets/images/media/media-56.jpg]
[preview.sprukomarket.com/blazor/webapp/server/mudblazor/yzen/dist/assets/images/media/media-57.jpg]
[preview.sprukomarket.com/blazor/webapp/server/mudblazor/yzen/dist/assets/images/faces/10.jpg]
[preview.sprukomarket.com/blazor/webapp/server/mudblazor/yzen/dist/assets/images/faces/11.jpg]
[preview.sprukomarket.com/blazor/webapp/server/mudblazor/yzen/dist/assets/images/faces/13.jpg]
[preview.sprukomarket.com/blazor/webapp/server/mudblazor/yzen/dist/assets/images/faces/5.jpg]
[preview.sprukomarket.com/blazor/webapp/server/mudblazor/yzen/dist/assets/images/faces/15.jpg]
[preview.sprukomarket.com/blazor/webapp/server/mudblazor/yzen/dist/assets/images/faces/16.jpg]
[preview.sprukomarket.com/blazor/webapp/server/mudblazor/yzen/dist/assets/images/media/media-40.jpg]
[preview.sprukomarket.com/blazor/webapp/server/mudblazor/yzen/dist/assets/images/media/media-41.jpg]
[preview.sprukomarket.com/blazor/webapp/server/mudblazor/yzen/dist/assets/images/media/media-42.jpg]
[preview.sprukomarket.com/blazor/webapp/server/mudblazor/yzen/dist/assets/images/media/media-43.jpg]
[preview.sprukomarket.com/blazor/webapp/server/mudblazor/yzen/dist/assets/images/media/media-44.jpg]
[preview.sprukomarket.com/blazor/webapp/server/mudblazor/yzen/dist/assets/images/media/media-45.jpg]
[preview.sprukomarket.com/blazor/webapp/server/mudblazor/yzen/dist/assets/images/media/media-46.jpg]
[preview.sprukomarket.com/blazor/webapp/server/mudblazor/yzen/dist/assets/images/media/media-60.jpg]
[preview.sprukomarket.com/blazor/webapp/server/mudblazor/yzen/dist/assets/images/media/media-59.jpg]
[preview.sprukomarket.com/blazor/webapp/server/mudblazor/yzen/dist/assets/images/media/media-27.jpg]
[preview.sprukomarket.com/blazor/webapp/server/mudblazor/yzen/dist/assets/images/media/media-28.jpg]
[preview.sprukomarket.com/blazor/webapp/server/mudblazor/yzen/dist/assets/images/media/media-29.jpg]
[preview.sprukomarket.com/blazor/webapp/server/mudblazor/yzen/dist/assets/images/media/media-30.jpg]
[preview.sprukomarket.com/blazor/webapp/server/mudblazor/yzen/dist/assets/images/media/media-31.jpg]
[preview.sprukomarket.com/blazor/webapp/server/mudblazor/yzen/dist/assets/libs/glightbox/js/glightbox.min.js]
[preview.sprukomarket.com/blazor/webapp/server/mudblazor/yzen/dist/assets/js/profile.js]
[preview.sprukomarket.com/blazor/webapp/server/mudblazor/yzen/dist/html/profile.html]
[preview.sprukomarket.com/blazor/webapp/server/mudblazor/yzen/dist/assets/images/faces/12.jpg]
[preview.sprukomarket.com/blazor/webapp/server/mudblazor/yzen/dist/assets/images/media/media-67.jpg]
[preview.sprukomarket.com/blazor/webapp/server/mudblazor/yzen/dist/assets/images/media/media-68.jpg]
[preview.sprukomarket.com/blazor/webapp/server/mudblazor/yzen/dist/assets/images/media/media-69.jpg]
[preview.sprukomarket.com/blazor/webapp/server/mudblazor/yzen/dist/assets/images/media/media-70.jpg]
[preview.sprukomarket.com/blazor/webapp/server/mudblazor/yzen/dist/assets/libs/quill/quill.js]
[preview.sprukomarket.com/blazor/webapp/server/mudblazor/yzen/dist/assets/js/mail.js]
[preview.sprukomarket.com/blazor/webapp/server/mudblazor/yzen/dist/html/mail.html]
[preview.sprukomarket.com/blazor/webapp/server/mudblazor/yzen/dist/assets/images/media/png/3.png]
[preview.sprukomarket.com/blazor/webapp/server/mudblazor/yzen/dist/assets/libs/dragula/dragula.min.js]
[preview.sprukomarket.com/blazor/webapp/server/mudblazor/yzen/dist/assets/js/todolist.js]
[preview.sprukomarket.com/blazor/webapp/server/mudblazor/yzen/dist/html/to-do-list.html]
[preview.sprukomarket.com/blazor/webapp/server/mudblazor/yzen/dist/assets/js/mail-settings.js]
[preview.sprukomarket.com/blazor/webapp/server/mudblazor/yzen/dist/html/mail-settings.html]
[preview.sprukomarket.com/blazor/webapp/server/mudblazor/yzen/dist/assets/images/faces/17.jpg]
[preview.sprukomarket.com/blazor/webapp/server/mudblazor/yzen/dist/assets/images/faces/18.jpg]
[preview.sprukomarket.com/blazor/webapp/server/mudblazor/yzen/dist/assets/images/faces/19.jpg]
[preview.sprukomarket.com/blazor/webapp/server/mudblazor/yzen/dist/assets/images/faces/20.jpg]
[preview.sprukomarket.com/blazor/webapp/server/mudblazor/yzen/dist/assets/images/faces/21.jpg]
[preview.sprukomarket.com/blazor/webapp/server/mudblazor/yzen/dist/assets/images/media/media-61.jpg]
[preview.sprukomarket.com/blazor/webapp/server/mudblazor/yzen/dist/assets/libs/fg-emoji-picker/fgEmojiPicker.js]
[preview.sprukomarket.com/blazor/webapp/server/mudblazor/yzen/dist/assets/js/chat.js]
[preview.sprukomarket.com/blazor/webapp/server/mudblazor/yzen/dist/html/chat.html]
[preview.sprukomarket.com/blazor/webapp/server/mudblazor/yzen/dist/assets/images/media/media-92.png]
[preview.sprukomarket.com/blazor/webapp/server/mudblazor/yzen/dist/assets/js/analytics-dashboard.js]
[preview.sprukomarket.com/blazor/webapp/server/mudblazor/yzen/dist/html/index-1.html]
[preview.sprukomarket.com/blazor/webapp/server/mudblazor/yzen/dist/assets/images/media/png/14.png]
[preview.sprukomarket.com/blazor/webapp/server/mudblazor/yzen/dist/assets/images/ecommerce/jpg/11.jpg]
[preview.sprukomarket.com/blazor/webapp/server/mudblazor/yzen/dist/assets/images/ecommerce/jpg/3.jpg]
[preview.sprukomarket.com/blazor/webapp/server/mudblazor/yzen/dist/assets/images/ecommerce/png/24.png]
[preview.sprukomarket.com/blazor/webapp/server/mudblazor/yzen/dist/assets/images/ecommerce/png/25.png]
[preview.sprukomarket.com/blazor/webapp/server/mudblazor/yzen/dist/assets/images/ecommerce/png/20.png]
[preview.sprukomarket.com/blazor/webapp/server/mudblazor/yzen/dist/assets/images/ecommerce/png/19.png]
[preview.sprukomarket.com/blazor/webapp/server/mudblazor/yzen/dist/assets/images/ecommerce/png/3.png]
[preview.sprukomarket.com/blazor/webapp/server/mudblazor/yzen/dist/assets/images/ecommerce/jpg/7.jpg]
[preview.sprukomarket.com/blazor/webapp/server/mudblazor/yzen/dist/assets/libs/swiper/swiper-bundle.min.js]
[preview.sprukomarket.com/blazor/webapp/server/mudblazor/yzen/dist/assets/js/ecommerce-dashboard.js]
[preview.sprukomarket.com/blazor/webapp/server/mudblazor/yzen/dist/html/index-2.html]
[preview.sprukomarket.com/blazor/webapp/server/mudblazor/yzen/dist/assets/images/company-logos/1.png]
[preview.sprukomarket.com/blazor/webapp/server/mudblazor/yzen/dist/assets/images/company-logos/2.png]
[preview.sprukomarket.com/blazor/webapp/server/mudblazor/yzen/dist/assets/images/company-logos/3.png]
[preview.sprukomarket.com/blazor/webapp/server/mudblazor/yzen/dist/assets/images/company-logos/5.png]
[preview.sprukomarket.com/blazor/webapp/server/mudblazor/yzen/dist/assets/images/company-logos/6.png]
[preview.sprukomarket.com/blazor/webapp/server/mudblazor/yzen/dist/assets/js/crm-dashboard.js]
[preview.sprukomarket.com/blazor/webapp/server/mudblazor/yzen/dist/html/index-3.html]
[preview.sprukomarket.com/blazor/webapp/server/mudblazor/yzen/dist/assets/js/crypto-dashboard.js]
[preview.sprukomarket.com/blazor/webapp/server/mudblazor/yzen/dist/html/index-4.html]
[preview.sprukomarket.com/blazor/webapp/server/mudblazor/yzen/dist/assets/images/media/media-95.jpg]
[preview.sprukomarket.com/blazor/webapp/server/mudblazor/yzen/dist/assets/images/nft-images/12.jpg]
[preview.sprukomarket.com/blazor/webapp/server/mudblazor/yzen/dist/assets/images/nft-images/10.jpg]
[preview.sprukomarket.com/blazor/webapp/server/mudblazor/yzen/dist/assets/images/nft-images/9.jpg]
[preview.sprukomarket.com/blazor/webapp/server/mudblazor/yzen/dist/assets/images/nft-images/11.jpg]
[preview.sprukomarket.com/blazor/webapp/server/mudblazor/yzen/dist/assets/images/nft-images/27.jpg]
[preview.sprukomarket.com/blazor/webapp/server/mudblazor/yzen/dist/assets/images/nft-images/25.jpg]
[preview.sprukomarket.com/blazor/webapp/server/mudblazor/yzen/dist/assets/images/nft-images/24.jpg]
[preview.sprukomarket.com/blazor/webapp/server/mudblazor/yzen/dist/assets/images/nft-images/26.jpg]
[preview.sprukomarket.com/blazor/webapp/server/mudblazor/yzen/dist/assets/images/nft-images/28.jpg]
[preview.sprukomarket.com/blazor/webapp/server/mudblazor/yzen/dist/assets/images/nft-images/1.jpg]
[preview.sprukomarket.com/blazor/webapp/server/mudblazor/yzen/dist/assets/images/nft-images/2.jpg]
[preview.sprukomarket.com/blazor/webapp/server/mudblazor/yzen/dist/assets/images/nft-images/3.jpg]
[preview.sprukomarket.com/blazor/webapp/server/mudblazor/yzen/dist/assets/images/nft-images/29.jpg]
[preview.sprukomarket.com/blazor/webapp/server/mudblazor/yzen/dist/assets/images/nft-images/30.jpg]
[preview.sprukomarket.com/blazor/webapp/server/mudblazor/yzen/dist/assets/images/nft-images/31.jpg]
[preview.sprukomarket.com/blazor/webapp/server/mudblazor/yzen/dist/assets/images/nft-images/32.jpg]
[preview.sprukomarket.com/blazor/webapp/server/mudblazor/yzen/dist/assets/images/nft-images/4.jpg]
[preview.sprukomarket.com/blazor/webapp/server/mudblazor/yzen/dist/assets/js/nft-dashboard.js]
[preview.sprukomarket.com/blazor/webapp/server/mudblazor/yzen/dist/html/index-5.html]
[preview.sprukomarket.com/blazor/webapp/server/mudblazor/yzen/dist/assets/js/projects-dashboard.js]
[preview.sprukomarket.com/blazor/webapp/server/mudblazor/yzen/dist/html/index-6.html]
[preview.sprukomarket.com/blazor/webapp/server/mudblazor/yzen/dist/assets/js/jobs-dashboard.js]
[preview.sprukomarket.com/blazor/webapp/server/mudblazor/yzen/dist/html/index-7.html]
[preview.sprukomarket.com/blazor/webapp/server/mudblazor/yzen/dist/assets/images/media/backgrounds/6.png]
[preview.sprukomarket.com/blazor/webapp/server/mudblazor/yzen/dist/assets/images/media/media-93.png]
[preview.sprukomarket.com/blazor/webapp/server/mudblazor/yzen/dist/assets/js/hrm-dashboard.js]
[preview.sprukomarket.com/blazor/webapp/server/mudblazor/yzen/dist/html/index-8.html]
[preview.sprukomarket.com/blazor/webapp/server/mudblazor/yzen/dist/assets/images/media/png/1.png]
[preview.sprukomarket.com/blazor/webapp/server/mudblazor/yzen/dist/assets/images/media/media-72.png]
[preview.sprukomarket.com/blazor/webapp/server/mudblazor/yzen/dist/assets/images/media/media-74.png]
[preview.sprukomarket.com/blazor/webapp/server/mudblazor/yzen/dist/assets/images/media/media-73.png]
[preview.sprukomarket.com/blazor/webapp/server/mudblazor/yzen/dist/assets/images/media/media-1.jpg]
[preview.sprukomarket.com/blazor/webapp/server/mudblazor/yzen/dist/assets/images/media/media-2.jpg]
[preview.sprukomarket.com/blazor/webapp/server/mudblazor/yzen/dist/assets/images/media/media-3.jpg]
[preview.sprukomarket.com/blazor/webapp/server/mudblazor/yzen/dist/assets/images/media/media-4.jpg]
[preview.sprukomarket.com/blazor/webapp/server/mudblazor/yzen/dist/assets/images/media/media-5.jpg]
[preview.sprukomarket.com/blazor/webapp/server/mudblazor/yzen/dist/assets/js/courses-dashboard.js]
[preview.sprukomarket.com/blazor/webapp/server/mudblazor/yzen/dist/html/index-9.html]
[preview.sprukomarket.com/blazor/webapp/server/mudblazor/yzen/dist/assets/images/media/apps/apple.png]
[preview.sprukomarket.com/blazor/webapp/server/mudblazor/yzen/dist/assets/images/media/apps/microsoft.png]
[preview.sprukomarket.com/blazor/webapp/server/mudblazor/yzen/dist/assets/images/media/apps/nvidia.png]
[preview.sprukomarket.com/blazor/webapp/server/mudblazor/yzen/dist/assets/images/media/apps/amazon.png]
[preview.sprukomarket.com/blazor/webapp/server/mudblazor/yzen/dist/assets/js/stocks-dashboard.js]
[preview.sprukomarket.com/blazor/webapp/server/mudblazor/yzen/dist/html/index-10.html]
[preview.sprukomarket.com/blazor/webapp/server/mudblazor/yzen/dist/assets/images/media/png/10.png]
[preview.sprukomarket.com/blazor/webapp/server/mudblazor/yzen/dist/assets/images/faces/doctors/1.jpg]
[preview.sprukomarket.com/blazor/webapp/server/mudblazor/yzen/dist/assets/images/faces/doctors/2.jpg]
[preview.sprukomarket.com/blazor/webapp/server/mudblazor/yzen/dist/assets/images/faces/doctors/3.jpg]
[preview.sprukomarket.com/blazor/webapp/server/mudblazor/yzen/dist/assets/images/faces/doctors/4.jpg]
[preview.sprukomarket.com/blazor/webapp/server/mudblazor/yzen/dist/assets/images/faces/doctors/5.jpg]
[preview.sprukomarket.com/blazor/webapp/server/mudblazor/yzen/dist/assets/images/faces/doctors/6.jpg]
[preview.sprukomarket.com/blazor/webapp/server/mudblazor/yzen/dist/assets/js/medical-dashboard.js]
[preview.sprukomarket.com/blazor/webapp/server/mudblazor/yzen/dist/html/index-11.html]
[preview.sprukomarket.com/blazor/webapp/server/mudblazor/yzen/dist/assets/images/pos-system/10.jpg]
[preview.sprukomarket.com/blazor/webapp/server/mudblazor/yzen/dist/assets/images/pos-system/11.jpg]
[preview.sprukomarket.com/blazor/webapp/server/mudblazor/yzen/dist/assets/images/pos-system/13.jpg]
[preview.sprukomarket.com/blazor/webapp/server/mudblazor/yzen/dist/assets/images/pos-system/9.jpg]
[preview.sprukomarket.com/blazor/webapp/server/mudblazor/yzen/dist/assets/images/pos-system/5.jpg]
[preview.sprukomarket.com/blazor/webapp/server/mudblazor/yzen/dist/assets/images/pos-system/4.jpg]
[preview.sprukomarket.com/blazor/webapp/server/mudblazor/yzen/dist/assets/images/pos-system/6.jpg]
[preview.sprukomarket.com/blazor/webapp/server/mudblazor/yzen/dist/assets/images/pos-system/7.jpg]
[preview.sprukomarket.com/blazor/webapp/server/mudblazor/yzen/dist/assets/images/pos-system/3.jpg]
[preview.sprukomarket.com/blazor/webapp/server/mudblazor/yzen/dist/assets/images/pos-system/2.jpg]
[preview.sprukomarket.com/blazor/webapp/server/mudblazor/yzen/dist/assets/images/pos-system/1.jpg]
[preview.sprukomarket.com/blazor/webapp/server/mudblazor/yzen/dist/assets/libs/isotope-layout/isotope.pkgd.min.js]
[preview.sprukomarket.com/blazor/webapp/server/mudblazor/yzen/dist/assets/js/pos-dashboard.js]
[preview.sprukomarket.com/blazor/webapp/server/mudblazor/yzen/dist/html/index-12.html]
[preview.sprukomarket.com/blazor/webapp/server/mudblazor/yzen/dist/assets/images/media/png/11.png]
[preview.sprukomarket.com/blazor/webapp/server/mudblazor/yzen/dist/assets/images/media/media-78.jpg]
[preview.sprukomarket.com/blazor/webapp/server/mudblazor/yzen/dist/assets/images/media/media-80.jpg]
[preview.sprukomarket.com/blazor/webapp/server/mudblazor/yzen/dist/assets/images/media/media-77.jpg]
[preview.sprukomarket.com/blazor/webapp/server/mudblazor/yzen/dist/assets/images/media/media-79.jpg]
[preview.sprukomarket.com/blazor/webapp/server/mudblazor/yzen/dist/assets/images/media/media-81.jpg]
[preview.sprukomarket.com/blazor/webapp/server/mudblazor/yzen/dist/assets/images/media/media-82.jpg]
[preview.sprukomarket.com/blazor/webapp/server/mudblazor/yzen/dist/assets/js/podcast-dashboard.js]
[preview.sprukomarket.com/blazor/webapp/server/mudblazor/yzen/dist/html/index-13.html]
[preview.sprukomarket.com/blazor/webapp/server/mudblazor/yzen/dist/assets/images/media/png/12.png]
[preview.sprukomarket.com/blazor/webapp/server/mudblazor/yzen/dist/assets/js/school-dashboard.js]
[preview.sprukomarket.com/blazor/webapp/server/mudblazor/yzen/dist/html/index-14.html]
[preview.sprukomarket.com/blazor/webapp/server/mudblazor/yzen/dist/assets/js/social-media-dashboard.js]
[preview.sprukomarket.com/blazor/webapp/server/mudblazor/yzen/dist/html/index-15.html]
[preview.sprukomarket.com/blazor/webapp/server/mudblazor/yzen/dist/assets/images/ecommerce/png/1.png]
[preview.sprukomarket.com/blazor/webapp/server/mudblazor/yzen/dist/assets/images/ecommerce/png/4.png]
[preview.sprukomarket.com/blazor/webapp/server/mudblazor/yzen/dist/assets/libs/filepond/filepond.min.js]
[preview.sprukomarket.com/blazor/webapp/server/mudblazor/yzen/dist/assets/libs/filepond-plugin-image-preview/filepond-plugin-image-preview.min.js]
[preview.sprukomarket.com/blazor/webapp/server/mudblazor/yzen/dist/assets/libs/filepond-plugin-image-exif-orientation/filepond-plugin-image-exif-orientation.min.js]
[preview.sprukomarket.com/blazor/webapp/server/mudblazor/yzen/dist/assets/libs/filepond-plugin-file-validate-size/filepond-plugin-file-validate-size.min.js]
[preview.sprukomarket.com/blazor/webapp/server/mudblazor/yzen/dist/assets/libs/filepond-plugin-file-encode/filepond-plugin-file-encode.min.js]
[preview.sprukomarket.com/blazor/webapp/server/mudblazor/yzen/dist/assets/libs/filepond-plugin-image-edit/filepond-plugin-image-edit.min.js]
[preview.sprukomarket.com/blazor/webapp/server/mudblazor/yzen/dist/assets/libs/filepond-plugin-file-validate-type/filepond-plugin-file-validate-type.min.js]
[preview.sprukomarket.com/blazor/webapp/server/mudblazor/yzen/dist/assets/libs/filepond-plugin-image-crop/filepond-plugin-image-crop.min.js]
[preview.sprukomarket.com/blazor/webapp/server/mudblazor/yzen/dist/assets/libs/filepond-plugin-image-resize/filepond-plugin-image-resize.min.js]
[preview.sprukomarket.com/blazor/webapp/server/mudblazor/yzen/dist/assets/libs/filepond-plugin-image-transform/filepond-plugin-image-transform.min.js]
[preview.sprukomarket.com/blazor/webapp/server/mudblazor/yzen/dist/assets/js/add-products.js]
[preview.sprukomarket.com/blazor/webapp/server/mudblazor/yzen/dist/html/add-product.html]
[preview.sprukomarket.com/blazor/webapp/server/mudblazor/yzen/dist/assets/js/edit-products.js]
[preview.sprukomarket.com/blazor/webapp/server/mudblazor/yzen/dist/html/edit-product.html]
[preview.sprukomarket.com/blazor/webapp/server/mudblazor/yzen/dist/assets/libs/gridjs/gridjs.umd.js]
[preview.sprukomarket.com/blazor/webapp/server/mudblazor/yzen/dist/assets/js/customer-list.js]
[preview.sprukomarket.com/blazor/webapp/server/mudblazor/yzen/dist/html/customer-list.html]
[preview.sprukomarket.com/blazor/webapp/server/mudblazor/yzen/dist/assets/images/media/png/2.png]
[preview.sprukomarket.com/blazor/webapp/server/mudblazor/yzen/dist/html/order-details.html]
[preview.sprukomarket.com/blazor/webapp/server/mudblazor/yzen/dist/assets/images/ecommerce/jpg/10.jpg]
[preview.sprukomarket.com/blazor/webapp/server/mudblazor/yzen/dist/assets/js/orders.js]
[preview.sprukomarket.com/blazor/webapp/server/mudblazor/yzen/dist/html/orders.html]
[preview.sprukomarket.com/blazor/webapp/server/mudblazor/yzen/dist/assets/images/ecommerce/png/21.png]
[preview.sprukomarket.com/blazor/webapp/server/mudblazor/yzen/dist/assets/images/ecommerce/png/22.png]
[preview.sprukomarket.com/blazor/webapp/server/mudblazor/yzen/dist/assets/images/ecommerce/png/23.png]
[preview.sprukomarket.com/blazor/webapp/server/mudblazor/yzen/dist/assets/js/product-details.js]
[preview.sprukomarket.com/blazor/webapp/server/mudblazor/yzen/dist/html/product-details.html]
[preview.sprukomarket.com/blazor/webapp/server/mudblazor/yzen/dist/assets/js/products-list.js]
[preview.sprukomarket.com/blazor/webapp/server/mudblazor/yzen/dist/html/products-list.html]
[preview.sprukomarket.com/blazor/webapp/server/mudblazor/yzen/dist/html/wishlist.html]
[preview.sprukomarket.com/blazor/webapp/server/mudblazor/yzen/dist/assets/libs/moment/min/moment.min.js]
[preview.sprukomarket.com/blazor/webapp/server/mudblazor/yzen/dist/assets/libs/fullcalendar/index.global.min.js]
[preview.sprukomarket.com/blazor/webapp/server/mudblazor/yzen/dist/assets/js/fullcalendar.js]
[preview.sprukomarket.com/blazor/webapp/server/mudblazor/yzen/dist/html/full-calendar.html]
[preview.sprukomarket.com/blazor/webapp/server/mudblazor/yzen/dist/html/blazor-calendar.html]
[preview.sprukomarket.com/blazor/webapp/server/mudblazor/yzen/dist/assets/js/gallery.js]
[preview.sprukomarket.com/blazor/webapp/server/mudblazor/yzen/dist/html/gallery.html]
[preview.sprukomarket.com/blazor/webapp/server/mudblazor/yzen/dist/assets/js/sweet-alerts.js]
[preview.sprukomarket.com/blazor/webapp/server/mudblazor/yzen/dist/html/sweet_alerts.html]
[preview.sprukomarket.com/blazor/webapp/server/mudblazor/yzen/dist/assets/images/company-logos/9.png]
[preview.sprukomarket.com/blazor/webapp/server/mudblazor/yzen/dist/assets/images/company-logos/10.png]
[preview.sprukomarket.com/blazor/webapp/server/mudblazor/yzen/dist/html/projects-list.html]
[preview.sprukomarket.com/blazor/webapp/server/mudblazor/yzen/dist/html/projects-overview.html]
[preview.sprukomarket.com/blazor/webapp/server/mudblazor/yzen/dist/assets/js/create-project.js]
[preview.sprukomarket.com/blazor/webapp/server/mudblazor/yzen/dist/html/projects-create.html]
[preview.sprukomarket.com/blazor/webapp/server/mudblazor/yzen/dist/assets/js/task-kanban-board.js]
[preview.sprukomarket.com/blazor/webapp/server/mudblazor/yzen/dist/html/task-kanban-board.html]
[preview.sprukomarket.com/blazor/webapp/server/mudblazor/yzen/dist/assets/images/media/file-manager/3.png]
[preview.sprukomarket.com/blazor/webapp/server/mudblazor/yzen/dist/assets/images/media/file-manager/1.png]
[preview.sprukomarket.com/blazor/webapp/server/mudblazor/yzen/dist/assets/images/media/media-17.jpg]
[preview.sprukomarket.com/blazor/webapp/server/mudblazor/yzen/dist/html/task-details.html]
[preview.sprukomarket.com/blazor/webapp/server/mudblazor/yzen/dist/assets/images/company-logos/7.png]
[preview.sprukomarket.com/blazor/webapp/server/mudblazor/yzen/dist/assets/js/job-details.js]
[preview.sprukomarket.com/blazor/webapp/server/mudblazor/yzen/dist/html/job-details.html]
[preview.sprukomarket.com/blazor/webapp/server/mudblazor/yzen/dist/html/job-company-search.html]
[preview.sprukomarket.com/blazor/webapp/server/mudblazor/yzen/dist/assets/js/job-search.js]
[preview.sprukomarket.com/blazor/webapp/server/mudblazor/yzen/dist/html/job-search.html]
[preview.sprukomarket.com/blazor/webapp/server/mudblazor/yzen/dist/assets/js/jobs-post.js]
[preview.sprukomarket.com/blazor/webapp/server/mudblazor/yzen/dist/html/job-post.html]
[preview.sprukomarket.com/blazor/webapp/server/mudblazor/yzen/dist/assets/js/job-search-candidate.js]
[preview.sprukomarket.com/blazor/webapp/server/mudblazor/yzen/dist/html/job-candidate-search.html]
[preview.sprukomarket.com/blazor/webapp/server/mudblazor/yzen/dist/assets/images/company-logos/4.png]
[preview.sprukomarket.com/blazor/webapp/server/mudblazor/yzen/dist/assets/js/job-candidate-details.js]
[preview.sprukomarket.com/blazor/webapp/server/mudblazor/yzen/dist/html/job-candidate-details.html]
[preview.sprukomarket.com/blazor/webapp/server/mudblazor/yzen/dist/assets/images/nft-images/33.jpg]
[preview.sprukomarket.com/blazor/webapp/server/mudblazor/yzen/dist/assets/images/nft-images/14.jpg]
[preview.sprukomarket.com/blazor/webapp/server/mudblazor/yzen/dist/assets/images/nft-images/16.jpg]
[preview.sprukomarket.com/blazor/webapp/server/mudblazor/yzen/dist/assets/images/nft-images/15.jpg]
[preview.sprukomarket.com/blazor/webapp/server/mudblazor/yzen/dist/assets/images/nft-images/8.jpg]
[preview.sprukomarket.com/blazor/webapp/server/mudblazor/yzen/dist/assets/images/nft-images/7.jpg]
[preview.sprukomarket.com/blazor/webapp/server/mudblazor/yzen/dist/assets/images/nft-images/13.jpg]
[preview.sprukomarket.com/blazor/webapp/server/mudblazor/yzen/dist/assets/images/nft-images/17.jpg]
[preview.sprukomarket.com/blazor/webapp/server/mudblazor/yzen/dist/assets/images/nft-images/34.jpg]
[preview.sprukomarket.com/blazor/webapp/server/mudblazor/yzen/dist/assets/js/nft-marketcap.js]
[preview.sprukomarket.com/blazor/webapp/server/mudblazor/yzen/dist/html/nft-marketplace.html]
[preview.sprukomarket.com/blazor/webapp/server/mudblazor/yzen/dist/assets/js/nft-details.js]
[preview.sprukomarket.com/blazor/webapp/server/mudblazor/yzen/dist/html/nft-details.html]
[preview.sprukomarket.com/blazor/webapp/server/mudblazor/yzen/dist/assets/js/nft-create.js]
[preview.sprukomarket.com/blazor/webapp/server/mudblazor/yzen/dist/html/nft-create.html]
[preview.sprukomarket.com/blazor/webapp/server/mudblazor/yzen/dist/assets/images/nft-images/23.png]
[preview.sprukomarket.com/blazor/webapp/server/mudblazor/yzen/dist/assets/images/nft-images/22.png]
[preview.sprukomarket.com/blazor/webapp/server/mudblazor/yzen/dist/assets/images/nft-images/21.png]
[preview.sprukomarket.com/blazor/webapp/server/mudblazor/yzen/dist/assets/images/nft-images/18.png]
[preview.sprukomarket.com/blazor/webapp/server/mudblazor/yzen/dist/assets/images/nft-images/20.png]
[preview.sprukomarket.com/blazor/webapp/server/mudblazor/yzen/dist/assets/images/nft-images/19.png]
[preview.sprukomarket.com/blazor/webapp/server/mudblazor/yzen/dist/html/nft-wallet-integration.html]
[preview.sprukomarket.com/blazor/webapp/server/mudblazor/yzen/dist/html/nft-live-auction.html]
[preview.sprukomarket.com/blazor/webapp/server/mudblazor/yzen/dist/assets/images/company-logos/8.png]
[preview.sprukomarket.com/blazor/webapp/server/mudblazor/yzen/dist/assets/js/crm-contacts.js]
[preview.sprukomarket.com/blazor/webapp/server/mudblazor/yzen/dist/html/crm-contacts.html]
[preview.sprukomarket.com/blazor/webapp/server/mudblazor/yzen/dist/assets/images/company-logos/11.png]
[preview.sprukomarket.com/blazor/webapp/server/mudblazor/yzen/dist/assets/js/crm-companies.js]
[preview.sprukomarket.com/blazor/webapp/server/mudblazor/yzen/dist/html/crm-companies.html]
[preview.sprukomarket.com/blazor/webapp/server/mudblazor/yzen/dist/assets/js/crm-deals.js]
[preview.sprukomarket.com/blazor/webapp/server/mudblazor/yzen/dist/html/crm-deals.html]
[preview.sprukomarket.com/blazor/webapp/server/mudblazor/yzen/dist/assets/js/crm-leads.js]
[preview.sprukomarket.com/blazor/webapp/server/mudblazor/yzen/dist/html/crm-leads.html]
[preview.sprukomarket.com/blazor/webapp/server/mudblazor/yzen/dist/html/crypto-transactions.html]
[preview.sprukomarket.com/blazor/webapp/server/mudblazor/yzen/dist/assets/js/crypto-currency-exchange.js]
[preview.sprukomarket.com/blazor/webapp/server/mudblazor/yzen/dist/html/crypto-currency-exchange.html]
[preview.sprukomarket.com/blazor/webapp/server/mudblazor/yzen/dist/assets/js/crypto-buy_sell.js]
[preview.sprukomarket.com/blazor/webapp/server/mudblazor/yzen/dist/html/crypto-buy_sell.html]
[preview.sprukomarket.com/blazor/webapp/server/mudblazor/yzen/dist/assets/js/crypto-marketcap.js]
[preview.sprukomarket.com/blazor/webapp/server/mudblazor/yzen/dist/html/crypto-marketcap.html]
[preview.sprukomarket.com/blazor/webapp/server/mudblazor/yzen/dist/html/crypto-wallet.html]
[preview.sprukomarket.com/blazor/webapp/server/mudblazor/yzen/dist/assets/images/media/png/17.png]
[preview.sprukomarket.com/blazor/webapp/server/mudblazor/yzen/dist/assets/js/coming-soon.js]
[preview.sprukomarket.com/blazor/webapp/server/mudblazor/yzen/dist/html/coming-soon.html]
[preview.sprukomarket.com/blazor/webapp/server/mudblazor/yzen/dist/html/create-password-basic.html]
[preview.sprukomarket.com/blazor/webapp/server/mudblazor/yzen/dist/html/create-password-cover.html]
[preview.sprukomarket.com/blazor/webapp/server/mudblazor/yzen/dist/html/lockscreen-basic.html]
[preview.sprukomarket.com/blazor/webapp/server/mudblazor/yzen/dist/html/lockscreen-cover.html]
[preview.sprukomarket.com/blazor/webapp/server/mudblazor/yzen/dist/html/reset-password-cover.html]
[preview.sprukomarket.com/blazor/webapp/server/mudblazor/yzen/dist/html/sign-up-cover.html]
[preview.sprukomarket.com/blazor/webapp/server/mudblazor/yzen/dist/html/sign-in-basic.html]
[preview.sprukomarket.com/blazor/webapp/server/mudblazor/yzen/dist/assets/js/two-step-verification.js]
[preview.sprukomarket.com/blazor/webapp/server/mudblazor/yzen/dist/html/two-step-verification-basic.html]
[preview.sprukomarket.com/blazor/webapp/server/mudblazor/yzen/dist/html/two-step-verification-cover.html]
[preview.sprukomarket.com/blazor/webapp/server/mudblazor/yzen/dist/assets/images/media/png/15.png]
[preview.sprukomarket.com/blazor/webapp/server/mudblazor/yzen/dist/html/under-maintenance.html]
[preview.sprukomarket.com/blazor/webapp/server/mudblazor/yzen/dist/assets/images/media/png/16.png]
[preview.sprukomarket.com/blazor/webapp/server/mudblazor/yzen/dist/html/401-error.html]
[preview.sprukomarket.com/blazor/webapp/server/mudblazor/yzen/dist/html/404-error.html]
[preview.sprukomarket.com/blazor/webapp/server/mudblazor/yzen/dist/html/500-error.html]
[preview.sprukomarket.com/blazor/webapp/server/mudblazor/yzen/dist/assets/images/media/blog/2.jpg]
[preview.sprukomarket.com/blazor/webapp/server/mudblazor/yzen/dist/assets/images/media/blog/3.jpg]
[preview.sprukomarket.com/blazor/webapp/server/mudblazor/yzen/dist/assets/images/media/blog/1.jpg]
[preview.sprukomarket.com/blazor/webapp/server/mudblazor/yzen/dist/assets/images/media/blog/14.jpg]
[preview.sprukomarket.com/blazor/webapp/server/mudblazor/yzen/dist/assets/images/media/blog/17.jpg]
[preview.sprukomarket.com/blazor/webapp/server/mudblazor/yzen/dist/assets/images/media/blog/15.jpg]
[preview.sprukomarket.com/blazor/webapp/server/mudblazor/yzen/dist/assets/images/media/blog/16.jpg]
[preview.sprukomarket.com/blazor/webapp/server/mudblazor/yzen/dist/assets/images/media/blog/10.jpg]
[preview.sprukomarket.com/blazor/webapp/server/mudblazor/yzen/dist/assets/images/media/blog/11.jpg]
[preview.sprukomarket.com/blazor/webapp/server/mudblazor/yzen/dist/assets/images/media/blog/12.jpg]
[preview.sprukomarket.com/blazor/webapp/server/mudblazor/yzen/dist/assets/images/media/blog/13.jpg]
[preview.sprukomarket.com/blazor/webapp/server/mudblazor/yzen/dist/assets/images/media/blog/8.jpg]
[preview.sprukomarket.com/blazor/webapp/server/mudblazor/yzen/dist/assets/images/media/blog/9.jpg]
[preview.sprukomarket.com/blazor/webapp/server/mudblazor/yzen/dist/assets/images/media/blog/23.jpg]
[preview.sprukomarket.com/blazor/webapp/server/mudblazor/yzen/dist/assets/images/media/blog/4.jpg]
[preview.sprukomarket.com/blazor/webapp/server/mudblazor/yzen/dist/assets/images/media/blog/5.jpg]
[preview.sprukomarket.com/blazor/webapp/server/mudblazor/yzen/dist/assets/images/media/blog/6.jpg]
[preview.sprukomarket.com/blazor/webapp/server/mudblazor/yzen/dist/assets/images/media/blog/7.jpg]
[preview.sprukomarket.com/blazor/webapp/server/mudblazor/yzen/dist/assets/images/media/blog/18.jpg]
[preview.sprukomarket.com/blazor/webapp/server/mudblazor/yzen/dist/html/blog.html]
[preview.sprukomarket.com/blazor/webapp/server/mudblazor/yzen/dist/assets/images/media/blog/19.jpg]
[preview.sprukomarket.com/blazor/webapp/server/mudblazor/yzen/dist/assets/images/media/blog/24.jpg]
[preview.sprukomarket.com/blazor/webapp/server/mudblazor/yzen/dist/assets/images/media/blog/25.jpg]
[preview.sprukomarket.com/blazor/webapp/server/mudblazor/yzen/dist/assets/js/blog-details.js]
[preview.sprukomarket.com/blazor/webapp/server/mudblazor/yzen/dist/html/blog-details.html]
[preview.sprukomarket.com/blazor/webapp/server/mudblazor/yzen/dist/assets/js/blog-create.js]
[preview.sprukomarket.com/blazor/webapp/server/mudblazor/yzen/dist/html/blog-create.html]
[preview.sprukomarket.com/blazor/webapp/server/mudblazor/yzen/dist/html/empty.html]
[preview.sprukomarket.com/blazor/webapp/server/mudblazor/yzen/dist/assets/images/media/png/13.png]
[preview.sprukomarket.com/blazor/webapp/server/mudblazor/yzen/dist/html/faq's.html]
[preview.sprukomarket.com/blazor/webapp/server/mudblazor/yzen/dist/assets/images/media/png/5.png]
[preview.sprukomarket.com/blazor/webapp/server/mudblazor/yzen/dist/assets/js/file-manager.js]
[preview.sprukomarket.com/blazor/webapp/server/mudblazor/yzen/dist/html/file-manager.html]
[preview.sprukomarket.com/blazor/webapp/server/mudblazor/yzen/dist/assets/js/create-invoice.js]
[preview.sprukomarket.com/blazor/webapp/server/mudblazor/yzen/dist/html/invoice-create.html]
[preview.sprukomarket.com/blazor/webapp/server/mudblazor/yzen/dist/html/invoice-details.html]
[preview.sprukomarket.com/blazor/webapp/server/mudblazor/yzen/dist/assets/js/invoice-list.js]
[preview.sprukomarket.com/blazor/webapp/server/mudblazor/yzen/dist/html/invoice-list.html]
[preview.sprukomarket.com/blazor/webapp/server/mudblazor/yzen/dist/assets/images/media/media-83.jpg]
[preview.sprukomarket.com/blazor/webapp/server/mudblazor/yzen/dist/assets/js/pricing.js]
[preview.sprukomarket.com/blazor/webapp/server/mudblazor/yzen/dist/html/pricing.html]
[preview.sprukomarket.com/blazor/webapp/server/mudblazor/yzen/dist/html/profile-settings.html]
[preview.sprukomarket.com/blazor/webapp/server/mudblazor/yzen/dist/assets/images/media/png/7.png]
[preview.sprukomarket.com/blazor/webapp/server/mudblazor/yzen/dist/assets/images/media/png/6.png]
[preview.sprukomarket.com/blazor/webapp/server/mudblazor/yzen/dist/assets/images/faces/team/1.png]
[preview.sprukomarket.com/blazor/webapp/server/mudblazor/yzen/dist/assets/images/faces/team/2.png]
[preview.sprukomarket.com/blazor/webapp/server/mudblazor/yzen/dist/assets/images/faces/team/3.png]
[preview.sprukomarket.com/blazor/webapp/server/mudblazor/yzen/dist/assets/images/media/png/8.png]
[preview.sprukomarket.com/blazor/webapp/server/mudblazor/yzen/dist/assets/js/landing.js]
[preview.sprukomarket.com/blazor/webapp/server/mudblazor/yzen/dist/html/landing.html]
[preview.sprukomarket.com/blazor/webapp/server/mudblazor/yzen/dist/assets/images/faces/team/7.png]
[preview.sprukomarket.com/blazor/webapp/server/mudblazor/yzen/dist/assets/images/faces/team/8.png]
[preview.sprukomarket.com/blazor/webapp/server/mudblazor/yzen/dist/assets/js/reviews.js]
[preview.sprukomarket.com/blazor/webapp/server/mudblazor/yzen/dist/html/reviews.html]
[preview.sprukomarket.com/blazor/webapp/server/mudblazor/yzen/dist/assets/images/media/media-35.jpg]
[preview.sprukomarket.com/blazor/webapp/server/mudblazor/yzen/dist/assets/images/media/media-84.jpg]
[preview.sprukomarket.com/blazor/webapp/server/mudblazor/yzen/dist/assets/images/media/books/6.jpg]
[preview.sprukomarket.com/blazor/webapp/server/mudblazor/yzen/dist/assets/images/media/books/1.jpg]
[preview.sprukomarket.com/blazor/webapp/server/mudblazor/yzen/dist/assets/images/media/books/2.jpg]
[preview.sprukomarket.com/blazor/webapp/server/mudblazor/yzen/dist/assets/images/media/books/3.jpg]
[preview.sprukomarket.com/blazor/webapp/server/mudblazor/yzen/dist/assets/images/media/books/4.jpg]
[preview.sprukomarket.com/blazor/webapp/server/mudblazor/yzen/dist/assets/images/media/books/5.jpg]
[preview.sprukomarket.com/blazor/webapp/server/mudblazor/yzen/dist/assets/images/media/media-14.jpg]
[preview.sprukomarket.com/blazor/webapp/server/mudblazor/yzen/dist/assets/images/media/media-15.jpg]
[preview.sprukomarket.com/blazor/webapp/server/mudblazor/yzen/dist/assets/images/media/media-13.jpg]
[preview.sprukomarket.com/blazor/webapp/server/mudblazor/yzen/dist/assets/images/media/media-16.jpg]
[preview.sprukomarket.com/blazor/webapp/server/mudblazor/yzen/dist/assets/images/media/media-18.jpg]
[preview.sprukomarket.com/blazor/webapp/server/mudblazor/yzen/dist/assets/images/media/media-19.jpg]
[preview.sprukomarket.com/blazor/webapp/server/mudblazor/yzen/dist/assets/images/media/media-65.jpg]
[preview.sprukomarket.com/blazor/webapp/server/mudblazor/yzen/dist/assets/images/media/media-66.jpg]
[preview.sprukomarket.com/blazor/webapp/server/mudblazor/yzen/dist/assets/images/media/media-85.jpg]
[preview.sprukomarket.com/blazor/webapp/server/mudblazor/yzen/dist/assets/images/media/media-86.jpg]
[preview.sprukomarket.com/blazor/webapp/server/mudblazor/yzen/dist/assets/images/media/media-87.jpg]
[preview.sprukomarket.com/blazor/webapp/server/mudblazor/yzen/dist/assets/images/media/media-88.jpg]
[preview.sprukomarket.com/blazor/webapp/server/mudblazor/yzen/dist/assets/js/search-results.js]
[preview.sprukomarket.com/blazor/webapp/server/mudblazor/yzen/dist/html/search-results.html]
[preview.sprukomarket.com/blazor/webapp/server/mudblazor/yzen/dist/assets/images/faces/team/5.png]
[preview.sprukomarket.com/blazor/webapp/server/mudblazor/yzen/dist/assets/images/faces/team/4.png]
[preview.sprukomarket.com/blazor/webapp/server/mudblazor/yzen/dist/assets/images/faces/team/6.png]
[preview.sprukomarket.com/blazor/webapp/server/mudblazor/yzen/dist/html/team.html]
[preview.sprukomarket.com/blazor/webapp/server/mudblazor/yzen/dist/assets/images/media/media-89.png]
[preview.sprukomarket.com/blazor/webapp/server/mudblazor/yzen/dist/html/terms_conditions.html]
[preview.sprukomarket.com/blazor/webapp/server/mudblazor/yzen/dist/html/timeline.html]
[preview.sprukomarket.com/blazor/webapp/server/mudblazor/yzen/dist/assets/libs/prismjs/prism.js]
[preview.sprukomarket.com/blazor/webapp/server/mudblazor/yzen/dist/assets/js/prism-custom.js]
[preview.sprukomarket.com/blazor/webapp/server/mudblazor/yzen/dist/html/form_inputs.html]
[preview.sprukomarket.com/blazor/webapp/server/mudblazor/yzen/dist/html/form_check_radios.html]
[preview.sprukomarket.com/blazor/webapp/server/mudblazor/yzen/dist/html/form_input_group.html]
[preview.sprukomarket.com/blazor/webapp/server/mudblazor/yzen/dist/assets/js/choices.js]
[preview.sprukomarket.com/blazor/webapp/server/mudblazor/yzen/dist/html/form_select.html]
[preview.sprukomarket.com/blazor/webapp/server/mudblazor/yzen/dist/assets/js/nouislider.js]
[preview.sprukomarket.com/blazor/webapp/server/mudblazor/yzen/dist/html/form_range.html]
[preview.sprukomarket.com/blazor/webapp/server/mudblazor/yzen/dist/assets/libs/cleave.js/cleave.min.js]
[preview.sprukomarket.com/blazor/webapp/server/mudblazor/yzen/dist/assets/js/form-input-mask.js]
[preview.sprukomarket.com/blazor/webapp/server/mudblazor/yzen/dist/html/form_input_masks.html]
[preview.sprukomarket.com/blazor/webapp/server/mudblazor/yzen/dist/assets/libs/dropzone/dropzone-min.js]
[preview.sprukomarket.com/blazor/webapp/server/mudblazor/yzen/dist/assets/js/fileupload.js]
[preview.sprukomarket.com/blazor/webapp/server/mudblazor/yzen/dist/html/form_file_uploads.html]
[preview.sprukomarket.com/blazor/webapp/server/mudblazor/yzen/dist/assets/js/date&time_pickers.js]
[preview.sprukomarket.com/blazor/webapp/server/mudblazor/yzen/dist/html/form_dateTime_pickers.html]
[preview.sprukomarket.com/blazor/webapp/server/mudblazor/yzen/dist/assets/js/color-picker.js]
[preview.sprukomarket.com/blazor/webapp/server/mudblazor/yzen/dist/html/form_color_pickers.html]
[preview.sprukomarket.com/blazor/webapp/server/mudblazor/yzen/dist/html/floating_labels.html]
[preview.sprukomarket.com/blazor/webapp/server/mudblazor/yzen/dist/html/form_layout.html]
[preview.sprukomarket.com/blazor/webapp/server/mudblazor/yzen/dist/assets/libs/vanilla-wizard/js/wizard.min.js]
[preview.sprukomarket.com/blazor/webapp/server/mudblazor/yzen/dist/assets/js/form-wizard.js]
[preview.sprukomarket.com/blazor/webapp/server/mudblazor/yzen/dist/assets/js/form-wizard-init.js]
[preview.sprukomarket.com/blazor/webapp/server/mudblazor/yzen/dist/html/form_wizards.html]
[preview.sprukomarket.com/blazor/webapp/server/mudblazor/yzen/dist/assets/js/quill-editor.js]
[preview.sprukomarket.com/blazor/webapp/server/mudblazor/yzen/dist/html/quill_editor.html]
[preview.sprukomarket.com/blazor/webapp/server/mudblazor/yzen/dist/assets/js/validation.js]
[preview.sprukomarket.com/blazor/webapp/server/mudblazor/yzen/dist/html/form_validation.html]
[cdn.jsdelivr.net/npm/select2@4.1.0-rc.0/dist/css/select2.min.css]
[code.jquery.com/jquery-3.6.1.min.js]
[cdn.jsdelivr.net/npm/select2@4.1.0-rc.0/dist/js/select2.min.js]
[preview.sprukomarket.com/blazor/webapp/server/mudblazor/yzen/dist/assets/js/select2.js]
[preview.sprukomarket.com/blazor/webapp/server/mudblazor/yzen/dist/html/form_select2.html]
[preview.sprukomarket.com/blazor/webapp/server/mudblazor/yzen/dist/assets/js/alerts.js]
[preview.sprukomarket.com/blazor/webapp/server/mudblazor/yzen/dist/html/alerts.html]
[preview.sprukomarket.com/blazor/webapp/server/mudblazor/yzen/dist/html/badge.html]
[preview.sprukomarket.com/blazor/webapp/server/mudblazor/yzen/dist/html/breadcrumb.html]
[preview.sprukomarket.com/blazor/webapp/server/mudblazor/yzen/dist/html/buttons.html]
[preview.sprukomarket.com/blazor/webapp/server/mudblazor/yzen/dist/html/buttongroup.html]
[preview.sprukomarket.com/blazor/webapp/server/mudblazor/yzen/dist/assets/images/media/media-24.jpg]
[preview.sprukomarket.com/blazor/webapp/server/mudblazor/yzen/dist/assets/images/media/media-22.jpg]
[preview.sprukomarket.com/blazor/webapp/server/mudblazor/yzen/dist/assets/images/media/media-23.jpg]
[preview.sprukomarket.com/blazor/webapp/server/mudblazor/yzen/dist/assets/images/media/media-25.jpg]
[preview.sprukomarket.com/blazor/webapp/server/mudblazor/yzen/dist/assets/images/media/media-26.jpg]
[preview.sprukomarket.com/blazor/webapp/server/mudblazor/yzen/dist/assets/images/media/media-32.jpg]
[preview.sprukomarket.com/blazor/webapp/server/mudblazor/yzen/dist/assets/images/media/media-33.jpg]
[preview.sprukomarket.com/blazor/webapp/server/mudblazor/yzen/dist/assets/images/media/media-36.jpg]
[preview.sprukomarket.com/blazor/webapp/server/mudblazor/yzen/dist/assets/images/media/media-34.jpg]
[preview.sprukomarket.com/blazor/webapp/server/mudblazor/yzen/dist/assets/images/media/media-37.jpg]
[preview.sprukomarket.com/blazor/webapp/server/mudblazor/yzen/dist/assets/images/media/media-38.jpg]
[preview.sprukomarket.com/blazor/webapp/server/mudblazor/yzen/dist/assets/images/media/media-39.jpg]
[preview.sprukomarket.com/blazor/webapp/server/mudblazor/yzen/dist/assets/images/media/media-47.jpg]
[preview.sprukomarket.com/blazor/webapp/server/mudblazor/yzen/dist/html/cards.html]
[preview.sprukomarket.com/blazor/webapp/server/mudblazor/yzen/dist/html/dropdowns.html]
[preview.sprukomarket.com/blazor/webapp/server/mudblazor/yzen/dist/assets/images/media/media-48.jpg]
[preview.sprukomarket.com/blazor/webapp/server/mudblazor/yzen/dist/assets/images/media/media-49.jpg]
[preview.sprukomarket.com/blazor/webapp/server/mudblazor/yzen/dist/assets/images/media/media-50.jpg]
[preview.sprukomarket.com/blazor/webapp/server/mudblazor/yzen/dist/assets/images/media/media-53.jpg]
[preview.sprukomarket.com/blazor/webapp/server/mudblazor/yzen/dist/assets/images/media/media-54.jpg]
[preview.sprukomarket.com/blazor/webapp/server/mudblazor/yzen/dist/assets/images/media/media-51.jpg]
[preview.sprukomarket.com/blazor/webapp/server/mudblazor/yzen/dist/assets/images/media/media-52.jpg]
[preview.sprukomarket.com/blazor/webapp/server/mudblazor/yzen/dist/html/images_figures.html]
[preview.sprukomarket.com/blazor/webapp/server/mudblazor/yzen/dist/html/links_interactions.html]
[preview.sprukomarket.com/blazor/webapp/server/mudblazor/yzen/dist/html/listgroup.html]
[preview.sprukomarket.com/blazor/webapp/server/mudblazor/yzen/dist/html/navs_tabs.html]
[preview.sprukomarket.com/blazor/webapp/server/mudblazor/yzen/dist/html/object-fit.html]
[preview.sprukomarket.com/blazor/webapp/server/mudblazor/yzen/dist/html/pagination.html]
[preview.sprukomarket.com/blazor/webapp/server/mudblazor/yzen/dist/html/popovers.html]
[preview.sprukomarket.com/blazor/webapp/server/mudblazor/yzen/dist/html/progress.html]
[preview.sprukomarket.com/blazor/webapp/server/mudblazor/yzen/dist/html/spinners.html]
[preview.sprukomarket.com/blazor/webapp/server/mudblazor/yzen/dist/assets/libs/toastify-js/src/toastify.js]
[preview.sprukomarket.com/blazor/webapp/server/mudblazor/yzen/dist/assets/js/toasts.js]
[preview.sprukomarket.com/blazor/webapp/server/mudblazor/yzen/dist/html/toasts.html]
[preview.sprukomarket.com/blazor/webapp/server/mudblazor/yzen/dist/html/tooltips.html]
[preview.sprukomarket.com/blazor/webapp/server/mudblazor/yzen/dist/html/typography.html]
[preview.sprukomarket.com/blazor/webapp/server/mudblazor/yzen/dist/html/accordions_collpase.html]
[preview.sprukomarket.com/blazor/webapp/server/mudblazor/yzen/dist/assets/images/media/media-63.jpg]
[preview.sprukomarket.com/blazor/webapp/server/mudblazor/yzen/dist/assets/images/media/media-64.jpg]
[preview.sprukomarket.com/blazor/webapp/server/mudblazor/yzen/dist/assets/images/media/media-62.jpg]
[preview.sprukomarket.com/blazor/webapp/server/mudblazor/yzen/dist/html/carousel.html]
[preview.sprukomarket.com/blazor/webapp/server/mudblazor/yzen/dist/assets/js/draggable-cards.js]
[preview.sprukomarket.com/blazor/webapp/server/mudblazor/yzen/dist/html/draggable-cards.html]
[preview.sprukomarket.com/blazor/webapp/server/mudblazor/yzen/dist/assets/js/modal.js]
[preview.sprukomarket.com/blazor/webapp/server/mudblazor/yzen/dist/html/modals_closes.html]
[preview.sprukomarket.com/blazor/webapp/server/mudblazor/yzen/dist/html/drawer.html]
[preview.sprukomarket.com/blazor/webapp/server/mudblazor/yzen/dist/html/placeholders.html]
[preview.sprukomarket.com/blazor/webapp/server/mudblazor/yzen/dist/assets/libs/rater-js/index.js]
[preview.sprukomarket.com/blazor/webapp/server/mudblazor/yzen/dist/assets/js/ratings.js]
[preview.sprukomarket.com/blazor/webapp/server/mudblazor/yzen/dist/html/ratings.html]
[preview.sprukomarket.com/blazor/webapp/server/mudblazor/yzen/dist/html/blazor-carousel.html]
[preview.sprukomarket.com/blazor/webapp/server/mudblazor/yzen/dist/html/treeview.html]
[preview.sprukomarket.com/blazor/webapp/server/mudblazor/yzen/dist/html/avatars.html]
[preview.sprukomarket.com/blazor/webapp/server/mudblazor/yzen/dist/assets/images/media/media-58.jpg]
[preview.sprukomarket.com/blazor/webapp/server/mudblazor/yzen/dist/html/borders.html]
[preview.sprukomarket.com/blazor/webapp/server/mudblazor/yzen/dist/html/breakpoints.html]
[preview.sprukomarket.com/blazor/webapp/server/mudblazor/yzen/dist/html/colors.html]
[preview.sprukomarket.com/blazor/webapp/server/mudblazor/yzen/dist/html/flex.html]
[preview.sprukomarket.com/blazor/webapp/server/mudblazor/yzen/dist/html/gutters.html]
[preview.sprukomarket.com/blazor/webapp/server/mudblazor/yzen/dist/html/helpers.html]
[preview.sprukomarket.com/blazor/webapp/server/mudblazor/yzen/dist/html/position.html]
[preview.sprukomarket.com/blazor/webapp/server/mudblazor/yzen/dist/assets/images/media/media-7.jpg]
[preview.sprukomarket.com/blazor/webapp/server/mudblazor/yzen/dist/html/more.html]
[preview.sprukomarket.com/blazor/webapp/server/mudblazor/yzen/dist/assets/js/widgets.js]
[preview.sprukomarket.com/blazor/webapp/server/mudblazor/yzen/dist/html/widgets.html]
[preview.sprukomarket.com/blazor/webapp/server/mudblazor/yzen/dist/assets/libs/jsvectormap/jsvectormap.min.js]
[preview.sprukomarket.com/blazor/webapp/server/mudblazor/yzen/dist/assets/libs/jsvectormap/maps/world-merc.js]
[preview.sprukomarket.com/blazor/webapp/server/mudblazor/yzen/dist/assets/js/us-merc-en.js]
[preview.sprukomarket.com/blazor/webapp/server/mudblazor/yzen/dist/assets/js/russia.js]
[preview.sprukomarket.com/blazor/webapp/server/mudblazor/yzen/dist/assets/js/spain.js]
[preview.sprukomarket.com/blazor/webapp/server/mudblazor/yzen/dist/assets/js/canada.js]
[preview.sprukomarket.com/blazor/webapp/server/mudblazor/yzen/dist/assets/js/jsvectormap.js]
[preview.sprukomarket.com/blazor/webapp/server/mudblazor/yzen/dist/html/vector-maps.html]
[preview.sprukomarket.com/blazor/webapp/server/mudblazor/yzen/dist/assets/libs/leaflet/leaflet.js]
[preview.sprukomarket.com/blazor/webapp/server/mudblazor/yzen/dist/assets/js/leaflet.js]
[preview.sprukomarket.com/blazor/webapp/server/mudblazor/yzen/dist/html/leaflet-maps.html]
[preview.sprukomarket.com/blazor/webapp/server/mudblazor/yzen/dist/assets/libs/gmaps/gmaps.min.js]
[preview.sprukomarket.com/blazor/webapp/server/mudblazor/yzen/dist/assets/js/google-maps.js]
[preview.sprukomarket.com/blazor/webapp/server/mudblazor/yzen/dist/html/google-maps.html]
[preview.sprukomarket.com/blazor/webapp/server/mudblazor/yzen/dist/html/icons.html]
[preview.sprukomarket.com/blazor/webapp/server/mudblazor/yzen/dist/html/mud-donut-charts.html]
[preview.sprukomarket.com/blazor/webapp/server/mudblazor/yzen/dist/assets/js/dataseries.js]
[preview.sprukomarket.com/blazor/webapp/server/mudblazor/yzen/dist/assets/js/apexcharts-stock-prices.js]
[preview.sprukomarket.com/blazor/webapp/server/mudblazor/yzen/dist/assets/js/apexcharts-line.js]
[preview.sprukomarket.com/blazor/webapp/server/mudblazor/yzen/dist/html/apex-line-charts.html]
[preview.sprukomarket.com/blazor/webapp/server/mudblazor/yzen/dist/assets/js/apex-github-data.js]
[preview.sprukomarket.com/blazor/webapp/server/mudblazor/yzen/dist/assets/js/apexcharts-irregulardata.js]
[preview.sprukomarket.com/blazor/webapp/server/mudblazor/yzen/dist/assets/js/apexcharts-area.js]
[preview.sprukomarket.com/blazor/webapp/server/mudblazor/yzen/dist/html/apex-area-charts.html]
[preview.sprukomarket.com/blazor/webapp/server/mudblazor/yzen/dist/assets/js/apexcharts-column.js]
[preview.sprukomarket.com/blazor/webapp/server/mudblazor/yzen/dist/html/apex-column-charts.html]
[preview.sprukomarket.com/blazor/webapp/server/mudblazor/yzen/dist/assets/js/apexcharts-bar.js]
[preview.sprukomarket.com/blazor/webapp/server/mudblazor/yzen/dist/html/apex-bar-charts.html]
[preview.sprukomarket.com/blazor/webapp/server/mudblazor/yzen/dist/assets/js/apexcharts-mixed.js]
[preview.sprukomarket.com/blazor/webapp/server/mudblazor/yzen/dist/html/apex-mixed-charts.html]
[preview.sprukomarket.com/blazor/webapp/server/mudblazor/yzen/dist/assets/js/apexcharts-rangearea.js]
[preview.sprukomarket.com/blazor/webapp/server/mudblazor/yzen/dist/html/apex-rangearea-charts.html]
[preview.sprukomarket.com/blazor/webapp/server/mudblazor/yzen/dist/assets/js/apexcharts-timeline.js]
[preview.sprukomarket.com/blazor/webapp/server/mudblazor/yzen/dist/html/apex-timeline-charts.html]
[preview.sprukomarket.com/blazor/webapp/server/mudblazor/yzen/dist/assets/js/apexcharts-candlestick-seriesdata.js]
[preview.sprukomarket.com/blazor/webapp/server/mudblazor/yzen/dist/assets/js/apexcharts-dayjs.min.js]
[preview.sprukomarket.com/blazor/webapp/server/mudblazor/yzen/dist/assets/js/apexcharts-candlestick.js]
[preview.sprukomarket.com/blazor/webapp/server/mudblazor/yzen/dist/html/apex-candlestick-charts.html]
[preview.sprukomarket.com/blazor/webapp/server/mudblazor/yzen/dist/assets/js/apexcharts-boxplot.js]
[preview.sprukomarket.com/blazor/webapp/server/mudblazor/yzen/dist/html/apex-boxplot-charts.html]
[preview.sprukomarket.com/blazor/webapp/server/mudblazor/yzen/dist/assets/js/apexcharts-bubble.js]
[preview.sprukomarket.com/blazor/webapp/server/mudblazor/yzen/dist/html/apex-bubble-charts.html]
[preview.sprukomarket.com/blazor/webapp/server/mudblazor/yzen/dist/assets/js/apexcharts-scatter.js]
[preview.sprukomarket.com/blazor/webapp/server/mudblazor/yzen/dist/html/apex-scatter-charts.html]
[preview.sprukomarket.com/blazor/webapp/server/mudblazor/yzen/dist/assets/js/apexcharts-heatmap.js]
[preview.sprukomarket.com/blazor/webapp/server/mudblazor/yzen/dist/html/apex-heatmap-charts.html]
[preview.sprukomarket.com/blazor/webapp/server/mudblazor/yzen/dist/assets/js/apexcharts-treemap.js]
[preview.sprukomarket.com/blazor/webapp/server/mudblazor/yzen/dist/html/apex-treemap-charts.html]
[preview.sprukomarket.com/blazor/webapp/server/mudblazor/yzen/dist/assets/js/apexcharts-pie.js]
[preview.sprukomarket.com/blazor/webapp/server/mudblazor/yzen/dist/html/apex-pie-charts.html]
[preview.sprukomarket.com/blazor/webapp/server/mudblazor/yzen/dist/assets/js/apexcharts-radialbar.js]
[preview.sprukomarket.com/blazor/webapp/server/mudblazor/yzen/dist/html/apex-radialbar-charts.html]
[preview.sprukomarket.com/blazor/webapp/server/mudblazor/yzen/dist/assets/js/apexcharts-radar.js]
[preview.sprukomarket.com/blazor/webapp/server/mudblazor/yzen/dist/html/apex-radar-charts.html]
[preview.sprukomarket.com/blazor/webapp/server/mudblazor/yzen/dist/assets/js/apexcharts-polararea.js]
[preview.sprukomarket.com/blazor/webapp/server/mudblazor/yzen/dist/html/apex-polararea-charts.html]
[preview.sprukomarket.com/blazor/webapp/server/mudblazor/yzen/dist/assets/libs/chart.js/chart.umd.js]
[preview.sprukomarket.com/blazor/webapp/server/mudblazor/yzen/dist/assets/js/chartjs-charts.js]
[preview.sprukomarket.com/blazor/webapp/server/mudblazor/yzen/dist/html/chartjs-charts.html]
[preview.sprukomarket.com/blazor/webapp/server/mudblazor/yzen/dist/html/tables.html]
[preview.sprukomarket.com/blazor/webapp/server/mudblazor/yzen/dist/assets/js/grid.js]
[preview.sprukomarket.com/blazor/webapp/server/mudblazor/yzen/dist/html/grid-tables.html]
[cdn.datatables.net/1.12.1/css/dataTables.bootstrap5.min.css]
[cdn.datatables.net/responsive/2.3.0/css/responsive.bootstrap.min.css]
[cdn.datatables.net/buttons/2.2.3/css/buttons.bootstrap5.min.css]
[cdn.datatables.net/1.12.1/js/jquery.dataTables.min.js]
[cdn.datatables.net/1.12.1/js/dataTables.bootstrap5.min.js]
[cdn.datatables.net/responsive/2.3.0/js/dataTables.responsive.min.js]
[cdn.datatables.net/buttons/2.2.3/js/dataTables.buttons.min.js]
[cdn.datatables.net/buttons/2.2.3/js/buttons.print.min.js]
[cdnjs.cloudflare.com/ajax/libs/pdfmake/0.2.6/pdfmake.min.js]
[cdnjs.cloudflare.com/ajax/libs/pdfmake/0.1.53/vfs_fonts.js]
[cdn.datatables.net/buttons/2.2.3/js/buttons.html5.min.js]
[cdnjs.cloudflare.com/ajax/libs/jszip/3.10.1/jszip.min.js]
[preview.sprukomarket.com/blazor/webapp/server/mudblazor/yzen/dist/assets/js/datatables.js]
[preview.sprukomarket.com/blazor/webapp/server/mudblazor/yzen/dist/html/data-tables.html]
[preview.sprukomarket.com/blazor/webapp/server/mudblazor/yzen/dist/assets/libs/@tarekraafat/autocomplete.js/css/images/search.svg]
[preview.sprukomarket.com/blazor/webapp/server/mudblazor/yzen/dist/assets/libs/nouislider/nouislider.min.css]
[preview.sprukomarket.com/blazor/webapp/server/mudblazor/yzen/dist/assets/libs/sweetalert2/sweetalert2.min.css]
[preview.sprukomarket.com/blazor/webapp/server/mudblazor/yzen/dist/assets/libs/glightbox/css/glightbox.min.css]
[preview.sprukomarket.com/blazor/webapp/server/mudblazor/yzen/dist/assets/libs/quill/quill.snow.css]
[preview.sprukomarket.com/blazor/webapp/server/mudblazor/yzen/dist/assets/libs/quill/quill.bubble.css]
[preview.sprukomarket.com/blazor/webapp/server/mudblazor/yzen/dist/assets/libs/dragula/dragula.min.css]
[preview.sprukomarket.com/blazor/webapp/server/mudblazor/yzen/dist/assets/libs/swiper/swiper-bundle.min.css]
[preview.sprukomarket.com/blazor/webapp/server/mudblazor/yzen/dist/assets/libs/filepond/filepond.min.css]
[preview.sprukomarket.com/blazor/webapp/server/mudblazor/yzen/dist/assets/libs/filepond-plugin-image-preview/filepond-plugin-image-preview.min.css]
[preview.sprukomarket.com/blazor/webapp/server/mudblazor/yzen/dist/assets/libs/filepond-plugin-image-edit/filepond-plugin-image-edit.min.css]
[preview.sprukomarket.com/blazor/webapp/server/mudblazor/yzen/dist/assets/libs/gridjs/theme/mermaid.min.css]
[preview.sprukomarket.com/blazor/webapp/server/mudblazor/yzen/dist/assets/libs/bootstrap/css/bootstrap.rtl.min.css]
[preview.sprukomarket.com/blazor/webapp/server/mudblazor/yzen/dist/assets/libs/prismjs/themes/prism-coy.min.css]
[preview.sprukomarket.com/blazor/webapp/server/mudblazor/yzen/dist/assets/libs/dropzone/dropzone.css]
[preview.sprukomarket.com/blazor/webapp/server/mudblazor/yzen/dist/assets/libs/@simonwep/pickr/themes/classic.min.css]
[preview.sprukomarket.com/blazor/webapp/server/mudblazor/yzen/dist/assets/libs/@simonwep/pickr/themes/monolith.min.css]
[cdn.jsdelivr.net/npm/select2@4.1.0-rc.0/dist/css/select2.min.css]
[preview.sprukomarket.com/blazor/webapp/server/mudblazor/yzen/dist/assets/libs/toastify-js/src/toastify.css]
[preview.sprukomarket.com/blazor/webapp/server/mudblazor/yzen/dist/assets/libs/jsvectormap/jsvectormap.min.css]
[preview.sprukomarket.com/blazor/webapp/server/mudblazor/yzen/dist/assets/libs/leaflet/images/layers.png]
[preview.sprukomarket.com/blazor/webapp/server/mudblazor/yzen/dist/assets/libs/leaflet/images/layers-2x.png]
[preview.sprukomarket.com/blazor/webapp/server/mudblazor/yzen/dist/assets/libs/leaflet/images/marker-icon.png]
[preview.sprukomarket.com/blazor/webapp/server/mudblazor/yzen/dist/assets/libs/leaflet/leaflet.css]
[preview.sprukomarket.com/blazor/webapp/server/mudblazor/yzen/dist/assets/libs/apexcharts/apexcharts.css]
[cdn.datatables.net/1.12.1/css/dataTables.bootstrap5.min.css]
[cdn.datatables.net/responsive/2.3.0/css/responsive.bootstrap.min.css]
[cdn.datatables.net/buttons/2.2.3/css/buttons.bootstrap5.min.css]
